Archive member included to satisfy reference by file (symbol)

c:/nxp/mcuxpressoide_10.1.1_606/ide/tools/bin/../lib/gcc/arm-none-eabi/6.3.1/../../../../arm-none-eabi/lib/thumb/v7e-m/fpv4-sp/hard\libc.a(lib_a-atoi.o)
                              ./source/shell_gap.o (atoi)
c:/nxp/mcuxpressoide_10.1.1_606/ide/tools/bin/../lib/gcc/arm-none-eabi/6.3.1/../../../../arm-none-eabi/lib/thumb/v7e-m/fpv4-sp/hard\libc.a(lib_a-exit.o)
                              c:/nxp/mcuxpressoide_10.1.1_606/ide/tools/bin/../lib/gcc/arm-none-eabi/6.3.1/../../../../arm-none-eabi/lib/thumb/v7e-m/fpv4-sp/hard/crt0.o (exit)
c:/nxp/mcuxpressoide_10.1.1_606/ide/tools/bin/../lib/gcc/arm-none-eabi/6.3.1/../../../../arm-none-eabi/lib/thumb/v7e-m/fpv4-sp/hard\libc.a(lib_a-impure.o)
                              c:/nxp/mcuxpressoide_10.1.1_606/ide/tools/bin/../lib/gcc/arm-none-eabi/6.3.1/../../../../arm-none-eabi/lib/thumb/v7e-m/fpv4-sp/hard\libc.a(lib_a-exit.o) (_global_impure_ptr)
c:/nxp/mcuxpressoide_10.1.1_606/ide/tools/bin/../lib/gcc/arm-none-eabi/6.3.1/../../../../arm-none-eabi/lib/thumb/v7e-m/fpv4-sp/hard\libc.a(lib_a-init.o)
                              c:/nxp/mcuxpressoide_10.1.1_606/ide/tools/bin/../lib/gcc/arm-none-eabi/6.3.1/../../../../arm-none-eabi/lib/thumb/v7e-m/fpv4-sp/hard/crt0.o (__libc_init_array)
c:/nxp/mcuxpressoide_10.1.1_606/ide/tools/bin/../lib/gcc/arm-none-eabi/6.3.1/../../../../arm-none-eabi/lib/thumb/v7e-m/fpv4-sp/hard\libc.a(lib_a-memcmp.o)
                              ./framework/FunctionLib/FunctionLib.o (memcmp)
c:/nxp/mcuxpressoide_10.1.1_606/ide/tools/bin/../lib/gcc/arm-none-eabi/6.3.1/../../../../arm-none-eabi/lib/thumb/v7e-m/fpv4-sp/hard\libc.a(lib_a-memcpy.o)
                              ./source/Logicalis_HAL/aes.o (memcpy)
c:/nxp/mcuxpressoide_10.1.1_606/ide/tools/bin/../lib/gcc/arm-none-eabi/6.3.1/../../../../arm-none-eabi/lib/thumb/v7e-m/fpv4-sp/hard\libc.a(lib_a-memset.o)
                              c:/nxp/mcuxpressoide_10.1.1_606/ide/tools/bin/../lib/gcc/arm-none-eabi/6.3.1/../../../../arm-none-eabi/lib/thumb/v7e-m/fpv4-sp/hard/crt0.o (memset)
c:/nxp/mcuxpressoide_10.1.1_606/ide/tools/bin/../lib/gcc/arm-none-eabi/6.3.1/../../../../arm-none-eabi/lib/thumb/v7e-m/fpv4-sp/hard\libc.a(lib_a-printf.o)
                              ./source/Logicalis_HAL/clock_QN9080.o (printf)
c:/nxp/mcuxpressoide_10.1.1_606/ide/tools/bin/../lib/gcc/arm-none-eabi/6.3.1/../../../../arm-none-eabi/lib/thumb/v7e-m/fpv4-sp/hard\libc.a(lib_a-strcmp.o)
                              ./source/shell_gap.o (strcmp)
c:/nxp/mcuxpressoide_10.1.1_606/ide/tools/bin/../lib/gcc/arm-none-eabi/6.3.1/../../../../arm-none-eabi/lib/thumb/v7e-m/fpv4-sp/hard\libc.a(lib_a-strcpy.o)
                              ./framework/Shell/Source/shell.o (strcpy)
c:/nxp/mcuxpressoide_10.1.1_606/ide/tools/bin/../lib/gcc/arm-none-eabi/6.3.1/../../../../arm-none-eabi/lib/thumb/v7e-m/fpv4-sp/hard\libc.a(lib_a-strlen.o)
                              ./source/shell_gap.o (strlen)
c:/nxp/mcuxpressoide_10.1.1_606/ide/tools/bin/../lib/gcc/arm-none-eabi/6.3.1/../../../../arm-none-eabi/lib/thumb/v7e-m/fpv4-sp/hard\libc.a(lib_a-strncmp.o)
                              ./source/shell_gatt.o (strncmp)
c:/nxp/mcuxpressoide_10.1.1_606/ide/tools/bin/../lib/gcc/arm-none-eabi/6.3.1/../../../../arm-none-eabi/lib/thumb/v7e-m/fpv4-sp/hard\libc.a(lib_a-strtol.o)
                              c:/nxp/mcuxpressoide_10.1.1_606/ide/tools/bin/../lib/gcc/arm-none-eabi/6.3.1/../../../../arm-none-eabi/lib/thumb/v7e-m/fpv4-sp/hard\libc.a(lib_a-atoi.o) (_strtol_r)
c:/nxp/mcuxpressoide_10.1.1_606/ide/tools/bin/../lib/gcc/arm-none-eabi/6.3.1/../../../../arm-none-eabi/lib/thumb/v7e-m/fpv4-sp/hard\libc.a(lib_a-strtoul.o)
                              ./source/shell_gap.o (strtoul)
c:/nxp/mcuxpressoide_10.1.1_606/ide/tools/bin/../lib/gcc/arm-none-eabi/6.3.1/../../../../arm-none-eabi/lib/thumb/v7e-m/fpv4-sp/hard\libc.a(lib_a-vfprintf.o)
                              c:/nxp/mcuxpressoide_10.1.1_606/ide/tools/bin/../lib/gcc/arm-none-eabi/6.3.1/../../../../arm-none-eabi/lib/thumb/v7e-m/fpv4-sp/hard\libc.a(lib_a-printf.o) (_vfprintf_r)
c:/nxp/mcuxpressoide_10.1.1_606/ide/tools/bin/../lib/gcc/arm-none-eabi/6.3.1/../../../../arm-none-eabi/lib/thumb/v7e-m/fpv4-sp/hard\libc.a(lib_a-wsetup.o)
                              c:/nxp/mcuxpressoide_10.1.1_606/ide/tools/bin/../lib/gcc/arm-none-eabi/6.3.1/../../../../arm-none-eabi/lib/thumb/v7e-m/fpv4-sp/hard\libc.a(lib_a-vfprintf.o) (__swsetup_r)
c:/nxp/mcuxpressoide_10.1.1_606/ide/tools/bin/../lib/gcc/arm-none-eabi/6.3.1/../../../../arm-none-eabi/lib/thumb/v7e-m/fpv4-sp/hard\libc.a(lib_a-__call_atexit.o)
                              c:/nxp/mcuxpressoide_10.1.1_606/ide/tools/bin/../lib/gcc/arm-none-eabi/6.3.1/../../../../arm-none-eabi/lib/thumb/v7e-m/fpv4-sp/hard\libc.a(lib_a-exit.o) (__call_exitprocs)
c:/nxp/mcuxpressoide_10.1.1_606/ide/tools/bin/../lib/gcc/arm-none-eabi/6.3.1/../../../../arm-none-eabi/lib/thumb/v7e-m/fpv4-sp/hard\libc.a(lib_a-atexit.o)
[...]
Memory Configuration

Name             Origin             Length             Attributes
m_bootloader     0x00000000         0x00000000         rw
m_interrupts     0x00000000         0x00000114         xr
m_bootFlags      0x00000114         0x00000000         rw
m_text           0x00000114         0x0007c6ec         xr
m_InternalStorage 0x0007c800         0x00000000         rw
fNVM_region      0x0007c800         0x00001000         rw
sNVM_region      0x0007d7ff         0x00001000         rw
m_data           0x04000400         0x0001fc00         rw
*default*        0x00000000         0xffffffff

Linker script and memory map

LOAD c:/nxp/mcuxpressoide_10.1.1_606/ide/tools/bin/../lib/gcc/arm-none-eabi/6.3.1/thumb/v7e-m/fpv4-sp/hard/crti.o
LOAD c:/nxp/mcuxpressoide_10.1.1_606/ide/tools/bin/../lib/gcc/arm-none-eabi/6.3.1/thumb/v7e-m/fpv4-sp/hard/crtbegin.o
LOAD c:/nxp/mcuxpressoide_10.1.1_606/ide/tools/bin/../lib/gcc/arm-none-eabi/6.3.1/../../../../arm-none-eabi/lib/thumb/v7e-m/fpv4-sp/hard/crt0.o
                0x00000001                gUseNVMLink_d = 0x1
                0x00000001                __ram_vector_table__ = 0x1
                0x00000001                gEraseNVMLink_d = 0x1
LOAD ../board/fw_symbols_gcc.h
                0x03000738                rom_entry_point = 0x3000738
                0x030030e5                ahi_init = 0x30030e5
                0x030008b5                APP_RestoreBleReg = 0x30008b5
                0x03000921                APP_SaveBleReg = 0x3000921
                0x040003c4                ble_config = 0x40003c4
                0x03006c07                co_bdaddr_compare = 0x3006c07
                0x03006c87                co_list_extract = 0x3006c87
                0x03006cf3                co_list_find = 0x3006cf3
                0x03006d09                co_list_init = 0x3006d09
                0x03006da9                co_list_merge = 0x3006da9
                0x03006e29                co_list_pop_front = 0x3006e29
                0x03006e3b                co_list_push_back = 0x3006e3b
                0x03006e5d                co_list_size = 0x3006e5d
                0x0302c2ac                co_null_bdaddr = 0x302c2ac
                0x0302c3c8                dbg_default_handler = 0x302c3c8
                0x03006f9d                dbg_init = 0x3006f9d
                0x03006fc1                dbg_platform_reset_complete = 0x3006fc1
                0x04000025                dbg_state = 0x4000025
                0x030071fd                ea_elt_create = 0x30071fd
                0x03007219                ea_elt_insert = 0x3007219
                0x03007559                ea_elt_remove = 0x3007559
                0x030075e1                ea_finetimer_isr = 0x30075e1
                0x030076e1                ea_init = 0x30076e1
                0x03007709                ea_interval_create = 0x3007709
                0x03007745                ea_interval_duration_req = 0x3007745
                0x030077f9                ea_interval_insert = 0x30077f9
                0x03007805                ea_interval_remove = 0x3007805
                0x03007815                ea_offset_req = 0x3007815
                0x03007aa9                ea_sw_isr = 0x3007aa9
                0x03007ad1                ea_time_get_halfslot_rounded = 0x3007ad1
                0x03007b21                ea_timer_target_get = 0x3007b21
                0x0400011c                em_buf_env = 0x400011c
                0x030083d5                em_buf_rx_buff_addr_get = 0x30083d5
                0x030083f9                em_buf_rx_free = 0x30083f9
                0x03008429                em_buf_tx_free = 0x3008429
                0x030084d5                enable_ble_sleep = 0x30084d5
                0x0400003c                error = 0x400003c
                0x040002c8                h4tl_env = 0x40002c8
                0x0300e869                hci_acl_tx_data_alloc = 0x300e869
                0x0300e92d                hci_acl_tx_data_received = 0x300e92d
                0x0302bd04                hci_cmd_desc_tab_ctrl_bb = 0x302bd04
                0x0302bd7c                hci_cmd_desc_tab_info_par = 0x302bd7c
                0x0302bce0                hci_cmd_desc_tab_lk_ctrl = 0x302bce0
                0x0302bdb8                hci_cmd_desc_tab_stat_par = 0x302bdb8
                0x0302c028                hci_cmd_desc_tab_vs = 0x302c028
                0x0300ef19                hci_cmd_reject = 0x300ef19
                0x04000290                hci_env = 0x4000290
                0x0300fbb9                hci_fc_check_host_available_nb_acl_packets = 0x300fbb9
                0x0300fc3d                hci_host_buf_size_cmd_handler = 0x300fc3d
                0x0300fc59                hci_host_nb_cmp_pkts_cmd_handler = 0x300fc59
                0x0300fd45                hci_init = 0x300fd45
                0x030101d5                hci_le_create_con_cancel_cmd_handler = 0x30101d5
                0x030105e1                hci_le_enh_privacy_info_cmd_handler = 0x30105e1
                0x03010711                hci_le_generate_dhkey_cmd_handler = 0x3010711
                0x03010ae5                hci_le_rand_cmd_handler = 0x3010ae5
                0x03010b35                hci_le_rd_adv_ch_tx_pw_cmd_handler = 0x3010b35
                0x03010bd5                hci_le_rd_buff_size_cmd_handler = 0x3010bd5
                0x03010c61                hci_le_rd_local_p256_public_key_cmd_handler = 0x3010c61
                0x03010d3d                hci_le_rd_local_supp_feats_cmd_handler = 0x3010d3d
                0x03010db1                hci_le_rd_max_data_len_cmd_handler = 0x3010db1
                0x030110c1                hci_le_rd_suggted_dft_data_len_cmd_handler = 0x30110c1
                0x030110ed                hci_le_rd_supp_states_cmd_handler = 0x30110ed
                0x0301111d                hci_le_rd_wl_size_cmd_handler = 0x301111d
                0x0301136d                hci_le_set_adv_data_cmd_handler = 0x301136d
                0x030114fd                hci_le_set_dft_phy_cmd_handler = 0x30114fd
                0x03011529                hci_le_set_evt_mask_cmd_handler = 0x3011529
                0x03011625                hci_le_set_rand_add_cmd_handler = 0x3011625
                0x030116c5                hci_le_set_scan_param_cmd_handler = 0x30116c5
                0x030116eb                hci_le_set_scan_rsp_data_cmd_handler = 0x30116eb
                0x0301185d                hci_le_test_mode_mngt_cmd_handler = 0x301185d
                0x0301190d                hci_le_wl_mngt_cmd_handler = 0x301190d
                0x0301198d                hci_le_wr_suggted_dft_data_len_cmd_handler = 0x301198d
                0x03011a5d                hci_look_for_dbg_evt_desc = 0x3011a5d
                0x03011a85                hci_look_for_evt_desc = 0x3011a85
                0x03011ab5                hci_look_for_le_evt_desc = 0x3011ab5
                0x03011c79                hci_rd_bd_addr_cmd_handler = 0x3011c79
                0x03011cd1                hci_rd_buff_size_cmd_handler = 0x3011cd1
                0x03011d61                hci_rd_local_supp_cmds_cmd_handler = 0x3011d61
                0x03011d91                hci_rd_local_supp_feats_cmd_handler = 0x3011d91
                0x03011e29                hci_rd_local_ver_info_cmd_handler = 0x3011e29
                0x0301208d                hci_reset = 0x301208d
                0x0301229d                hci_set_ctrl_to_host_flow_ctrl_cmd_handler = 0x301229d
                0x030122cf                hci_set_evt_mask_cmd_handler = 0x30122cf
                0x030122e7                hci_set_evt_mask_page_2_cmd_handler = 0x30122e7
                0x040002ac                hci_tl_env = 0x40002ac
                0x03012399                hci_tx_done = 0x3012399
                0x030126b1                hci_util_pack = 0x30126b1
                0x030127d3                hci_util_unpack = 0x30127d3
                0x03013f4d                ke_event_callback_set = 0x3013f4d
                0x03013f65                ke_event_clear = 0x3013f65
                0x0301408d                ke_flush = 0x301408d
                0x030140cd                ke_free = 0x30140cd
                0x030141c9                ke_init = 0x30141c9
                0x03014245                ke_malloc = 0x3014245
                0x0301440d                ke_msg_alloc = 0x301440d
                0x030144f9                ke_msg_free = 0x30144f9
                0x03014559                ke_msg_send_basic = 0x3014559
                0x03014643                ke_sleep_check = 0x3014643
                0x03014655                ke_state_get = 0x3014655
                0x03014689                ke_state_set = 0x3014689
                0x03014755                ke_task_create = 0x3014755
                0x03014a45                ke_timer_active = 0x3014a45
                0x03014a8d                ke_timer_clear = 0x3014a8d
                0x03014bb9                ke_timer_set = 0x3014bb9
                0x03014c95                ke_timer_target_get = 0x3014c95
                0x03016ec5                llc_auth_payl_real_to_ind_handler = 0x3016ec5
                0x03016f25                llc_ch_assess_get_current_ch_map = 0x3016f25
                0x03016fa9                llc_ch_assess_local = 0x3016fa9
                0x03017111                llc_chnl_assess_timer_handler = 0x3017111
                0x030171f1                llc_common_enc_change_evt_send = 0x30171f1
                0x03017271                llc_common_enc_key_ref_comp_evt_send = 0x3017271
                0x03017605                llc_data_ind_handler = 0x3017605
                0x03017689                llc_dft_handler = 0x3017689
                0x0301768d                llc_discon_event_complete_send = 0x301768d
                0x030176b1                llc_enc_mgt_ind_handler = 0x30176b1
                0x0400001c                llc_env = 0x400001c
                0x030179c1                llc_feats_rd_event_send = 0x30179c1
                0x030179fd                llc_hci_acl_data_tx_handler = 0x30179fd
                0x03017a95                llc_hci_command_handler = 0x3017a95
                0x03017b39                llc_le_con_cmp_evt_send = 0x3017b39
                0x03017d81                llc_length_req_ind_handler = 0x3017d81
                0x03017e05                llc_link_sup_to_ind_handler = 0x3017e05
                0x03018369                llc_llcp_recv_ind_handler = 0x3018369
                0x030186cd                llc_llcp_rsp_to_ind_handler = 0x30186cd
                0x03018999                llc_ltk_req_send = 0x3018999
                0x030189cd                llc_map_update_finished = 0x30189cd
                0x03018a61                llc_map_update_ind = 0x3018a61
                0x03018ab1                llc_pdu_acl_tx_ack_defer = 0x3018ab1
                0x0301956d                llc_util_clear_operation_ptr = 0x301956d
                0x03019625                llc_util_get_free_conhdl = 0x3019625
                0x0301966d                llc_util_get_nb_active_link = 0x301966d
                0x030196b1                llc_util_set_auth_payl_to_margin = 0x30196b1
                0x0301970d                llc_util_update_channel_map = 0x301970d
                0x03019721                llc_version_rd_event_send = 0x3019721
                0x0301989d                llcp_con_param_req_handler = 0x301989d
                0x03019e11                llcp_enc_req_handler = 0x3019e11
                0x03019f1d                llcp_enc_rsp_handler = 0x3019f1d
                0x0301a50d                llcp_pause_enc_req_handler = 0x301a50d
                0x0301ab55                llcp_ping_rsp_handler = 0x301ab55
                0x0301abd1                llcp_start_enc_req_handler = 0x301abd1
                0x0301ae55                llcp_unknown_rsp_handler = 0x301ae55
                0x0301b4d5                lld_adv_stop = 0x301b4d5
                0x0301be05                lld_con_stop = 0x301be05
                0x0301c0b9                lld_core_reset = 0x301c0b9
                0x0301c10d                lld_crypt_isr = 0x301c10d
                0x0301c241                lld_evt_channel_next = 0x301c241
                0x0301c699                lld_evt_delete_elt_push = 0x301c699
                0x0301c721                lld_evt_drift_compute = 0x301c721
                0x0301c751                lld_evt_elt_delete = 0x301c751
                0x0400013c                lld_evt_env = 0x400013c
                0x0301ccd1                lld_evt_init_evt = 0x301ccd1
                0x0301d1f1                lld_evt_prevent_stop = 0x301d1f1
                0x0301e559                lld_evt_timer_isr = 0x301e559
                0x0301e69d                lld_get_mode = 0x301e69d
                0x0301ecb5                lld_pdu_adv_pack = 0x301ecb5
                0x0301efd1                lld_pdu_data_tx_push = 0x301efd1
                0x0301f2d1                lld_pdu_pack = 0x301f2d1
                0x0301f3a3                lld_pdu_pop_front = 0x301f3a3
                0x0301f3b5                lld_pdu_push_back = 0x301f3b5
                0x0301f3c9                lld_pdu_push_front = 0x301f3c9
                0x0301f819                lld_pdu_tx_flush = 0x301f819
                0x0301f969                lld_pdu_tx_loop = 0x301f969
                0x0301fd3d                lld_pdu_tx_push = 0x301fd3d
                0x03020121                lld_scan_stop = 0x3020121
                0x03020151                lld_sleep_enter = 0x3020151
                0x04000020                lld_sleep_env = 0x4000020
                0x03020199                lld_sleep_init = 0x3020199
                0x030203a9                lld_test_mode_rx = 0x30203a9
                0x03020601                lld_test_mode_tx = 0x3020601
                0x0302083d                lld_test_stop = 0x302083d
                0x03020995                lld_util_compute_ce_max = 0x3020995
                0x03020a41                lld_util_connection_param_set = 0x3020a41
                0x03020a8d                lld_util_dle_set_cs_fields = 0x3020a8d
                0x03020abd                lld_util_eff_tx_time_set = 0x3020abd
                0x03020ae3                lld_util_flush_list = 0x3020ae3
                0x03020b41                lld_util_get_local_offset = 0x3020b41
                0x03020b59                lld_util_get_peer_offset = 0x3020b59
                0x03020b73                lld_util_get_phys = 0x3020b73
                0x03020bc3                lld_util_get_tx_pkt_cnt = 0x3020bc3
                0x03020be7                lld_util_instant_ongoing = 0x3020be7
                0x03020bf3                lld_util_phy_update_ind = 0x3020bf3
                0x03020d05                lld_util_ral_force_rpa_renew = 0x3020d05
                0x03020da9                lld_wlcoex_set = 0x3020da9
                0x0302bcc0                LLM_AA_CT1 = 0x302bcc0
                0x0302bcc3                LLM_AA_CT2 = 0x302bcc3
                0x03020dc5                llm_ble_ready = 0x3020dc5
                0x03020dfd                llm_common_cmd_status_send = 0x3020dfd
                0x030212a1                llm_dft_handler = 0x30212a1
                0x030212a5                llm_ecc_result_ind_handler = 0x30212a5
                0x030215c5                llm_end_evt_defer = 0x30215c5
                0x03021c85                llm_le_enh_priv_addr_renew_timer_handler = 0x3021c85
                0x04000168                llm_le_env = 0x4000168
                0x03021cd1                llm_le_set_host_ch_class_cmd_sto_handler = 0x3021cd1
                0x0302ba82                llm_local_data_len_values = 0x302ba82
                0x03021d75                llm_ral_clear = 0x3021d75
                0x03021dbd                llm_ral_dev_add = 0x3021dbd
                0x03021f0d                llm_ral_dev_rm = 0x3021f0d
                0x03022009                llm_ral_set_timeout = 0x3022009
                0x03022055                llm_ral_update = 0x3022055
                0x03022091                llm_set_adv_data = 0x3022091
                0x0302270d                llm_set_scan_rsp_data = 0x302270d
                0x04000024                llm_state = 0x4000024
                0x03022c81                llm_util_apply_bd_addr = 0x3022c81
                0x03022ca5                llm_util_bd_addr_in_ral = 0x3022ca5
                0x03022e91                llm_util_bl_add = 0x3022e91
                0x03022f31                llm_util_bl_check = 0x3022f31
                0x03022fad                llm_util_bl_rem = 0x3022fad
                0x03023021                llm_util_check_address_validity = 0x3023021
                0x03023035                llm_util_check_evt_mask = 0x3023035
                0x03023059                llm_util_check_map_validity = 0x3023059
                0x030230c9                llm_util_get_channel_map = 0x30230c9
                0x030230d5                llm_util_get_default_phy = 0x30230d5
                0x03023105                llm_util_get_supp_features = 0x3023105
                0x03023115                llm_util_set_public_addr = 0x3023115
                0x03023129                llm_wl_clr = 0x3023129
                0x030254c5                nvds_del = 0x30254c5
                0x04000384                nvds_env = 0x4000384
                0x0302559d                nvds_get = 0x302559d
                0x03025621                nvds_init = 0x3025621
                0x030256f5                nvds_lock = 0x30256f5
                0x03025849                nvds_put = 0x3025849
                0x0302c59c                fw_nvds_api = 0x302c59c
                0x03025a69                rf_init = 0x3025a69
                0x03025be1                rwble_sleep_check = 0x3025be1
                0x04000038                rwip_coex_cfg = 0x4000038
                0x040003b0                rwip_env = 0x40003b0
                0x03025d49                rwip_prevent_sleep_clear = 0x3025d49
                0x03025d8d                rwip_prevent_sleep_set = 0x3025d8d
                0x04000034                rwip_priority = 0x4000034
                0x04000044                rwip_rf = 0x4000044
                0x03025e29                rwip_schedule = 0x3025e29
                0x030260a1                rwip_wakeup_delay_set = 0x30260a1
                0x030260e1                rwip_wakeup_end = 0x30260e1
                0x0302613d                set_32k_ppm = 0x302613d
                0x0302abdd                unloaded_area_init = 0x302abdd
LOAD ./utilities/fsl_debug_console.o
LOAD ./startup/startup_QN908XC.o
LOAD ./source/common/gatt_db/gatt_database.o
LOAD ./source/common/gatt_db/gatt_database_dynamic.o
LOAD ./source/common/ApplMain.o
LOAD ./source/common/ble_conn_manager.o
LOAD ./source/common/ble_controller_task.o
LOAD ./source/common/ble_host_tasks.o
LOAD ./source/common/ble_init.o
LOAD ./source/Logicalis_HAL/aes.o
LOAD ./source/Logicalis_HAL/clock_QN9080.o
LOAD ./source/Logicalis_HAL/delay.o
LOAD ./source/Logicalis_HAL/driver_icm20602.o
LOAD ./source/Logicalis_HAL/imu_icm_20602.o
LOAD ./source/Logicalis_HAL/input_pin.o
LOAD ./source/Logicalis_HAL/log_uart.o
LOAD ./source/Logicalis_HAL/mcu_watchdog.o
LOAD ./source/Logicalis_HAL/memory_lib.o
LOAD ./source/Logicalis_HAL/mx25r_flash.o
LOAD ./source/Logicalis_HAL/ring_buffer.o
LOAD ./source/Logicalis_HAL/rtc_lib.o
LOAD ./source/Logicalis_HAL/serial_flexcomm.o
LOAD ./source/Logicalis_HAL/spi_lib.o
LOAD ./source/Logicalis_HAL/string_tools.o
LOAD ./source/app_config.o
LOAD ./source/ble_shell.o
LOAD ./source/semihost_hardfault.o
LOAD ./source/shell_gap.o
LOAD ./source/shell_gatt.o
LOAD ./source/shell_gattdb.o
LOAD ./source/shell_thrput.o
LOAD ./framework/common/FwkInit.o
LOAD ./framework/TimersManager/Source/TMR_Adapter.o
LOAD ./framework/TimersManager/Source/TimersManager.o
LOAD ./framework/Shell/Source/shell.o
LOAD ./framework/Shell/Source/shell_autocomplete.o
LOAD ./framework/Shell/Source/shell_cmdhelp.o
LOAD ./framework/Shell/Source/shell_cmdhist.o
LOAD ./framework/SerialManager/Source/UART_Adapter/UART_Adapter.o
LOAD ./framework/SerialManager/Source/SPI_Adapter/SPI_Adapter.o
LOAD ./framework/SerialManager/Source/I2C_Adapter/I2C_Adapter.o
LOAD ./framework/SerialManager/Source/SerialManager.o
LOAD ./framework/SecLib/AesManager.o
LOAD ./framework/SecLib/SecLib.o
LOAD ./framework/Reset/Reset.o
LOAD ./framework/RNG/Source/RNG.o
LOAD ./framework/Panic/Source/Panic.o
LOAD ./framework/OSAbstraction/Source/fsl_os_abstraction_bm.o
LOAD ./framework/NVM/Source/NV_Flash.o
LOAD ./framework/NVM/Source/NV_FsciCommands.o
LOAD ./framework/ModuleInfo/ModuleInfo.o
LOAD ./framework/Messaging/Source/Messaging.o
LOAD ./framework/MemManager/Source/MemManager.o
LOAD ./framework/MWSCoexistence/Source/MWS.o
LOAD ./framework/Lists/GenericList.o
LOAD ./framework/LED/Source/LED.o
LOAD ./framework/Keyboard/Source/Keyboard.o
LOAD ./framework/GPIO/GPIO_Adapter.o
LOAD ./framework/FunctionLib/FunctionLib.o
LOAD ./framework/Flash/Internal/Flash_Adapter.o
LOAD ./drivers/fsl_adc.o
LOAD ./drivers/fsl_aes.o
LOAD ./drivers/fsl_calibration.o
LOAD ./drivers/fsl_clock.o
LOAD ./drivers/fsl_common.o
LOAD ./drivers/fsl_ctimer.o
LOAD ./drivers/fsl_flash.o
LOAD ./drivers/fsl_flexcomm.o
LOAD ./drivers/fsl_gpio.o
LOAD ./drivers/fsl_i2c.o
LOAD ./drivers/fsl_inputmux.o
LOAD ./drivers/fsl_pint.o
LOAD ./drivers/fsl_power.o
LOAD ./drivers/fsl_reset.o
LOAD ./drivers/fsl_rf.o
LOAD ./drivers/fsl_rng.o
LOAD ./drivers/fsl_rtc.o
LOAD ./drivers/fsl_spi.o
LOAD ./drivers/fsl_usart.o
LOAD ./drivers/fsl_wdt.o
LOAD ./board/board.o
LOAD ./board/clock_config.o
LOAD ./board/gpio_pins.o
LOAD ./board/pin_mux.o
LOAD ./board/rco32k_calibration.o
LOAD ./bluetooth/profiles/temperature/temperature_service.o
LOAD ./bluetooth/profiles/device_info/device_info_service.o
LOAD ./bluetooth/profiles/battery/battery_service.o
LOAD ./bluetooth/host/config/ble_globals.o
LOAD ./bluetooth/hci_transport/source/hcit_serial_interface.o
LOAD ./bluetooth/controller/interface/controller_config.o
LOAD ./CMSIS/system_QN908XC.o
LOAD c:/nxp/mcuxpressoide_10.1.1_606/ide/tools/bin/../lib/gcc/arm-none-eabi/6.3.1/../../../../arm-none-eabi/lib/thumb/v7e-m/fpv4-sp/hard\libc.a
LOAD c:/nxp/mcuxpressoide_10.1.1_606/ide/tools/bin/../lib/gcc/arm-none-eabi/6.3.1/thumb/v7e-m/fpv4-sp/hard\libgcc.a
LOAD c:/nxp/mcuxpressoide_10.1.1_606/ide/tools/bin/../lib/gcc/arm-none-eabi/6.3.1/../../../../arm-none-eabi/lib/thumb/v7e-m/fpv4-sp/hard\libm.a
LOAD c:/nxp/mcuxpressoide_10.1.1_606/ide/tools/bin/../lib/gcc/arm-none-eabi/6.3.1/../../../../arm-none-eabi/lib/thumb/v7e-m/fpv4-sp/hard\libnosys.a
LOAD C:\Users\re91535z\Documents\MCUXpressoIDE_10.1.1_606\workspace\qn908xcdk_wireless_examples_bluetooth_ble_shell_bm\libs\lib_ble_QN908XC_controller.a
LOAD C:\Users\re91535z\Documents\MCUXpressoIDE_10.1.1_606\workspace\qn908xcdk_wireless_examples_bluetooth_ble_shell_bm\libs\lib_ble_5-0_host_cm4.a
LOAD C:\Users\re91535z\Documents\MCUXpressoIDE_10.1.1_606\workspace\qn908xcdk_wireless_examples_bluetooth_ble_shell_bm\libs\lib_crypto_m4.a
START GROUP
LOAD c:/nxp/mcuxpressoide_10.1.1_606/ide/tools/bin/../lib/gcc/arm-none-eabi/6.3.1/thumb/v7e-m/fpv4-sp/hard\libgcc.a
LOAD c:/nxp/mcuxpressoide_10.1.1_606/ide/tools/bin/../lib/gcc/arm-none-eabi/6.3.1/../../../../arm-none-eabi/lib/thumb/v7e-m/fpv4-sp/hard\libc.a
END GROUP
LOAD c:/nxp/mcuxpressoide_10.1.1_606/ide/tools/bin/../lib/gcc/arm-none-eabi/6.3.1/thumb/v7e-m/fpv4-sp/hard/crtend.o
LOAD c:/nxp/mcuxpressoide_10.1.1_606/ide/tools/bin/../lib/gcc/arm-none-eabi/6.3.1/thumb/v7e-m/fpv4-sp/hard/crtn.o
                0x00000000                m_flash_start = 0x0
                0x0007ffff                m_flash_end = 0x7ffff
                0x00080000                m_flash_size = 0x80000
                0x00000800                m_sector_size = 0x800
                0x00000000                UseNVMLink = DEFINED (gUseNVMLink_d)?gUseNVMLink_d:0x0
                0x00000000                NVMSectorCountLink = DEFINED (gNVMSectorCountLink_d)?gNVMSectorCountLink_d:DEFINED (gUseNVMLink_d)?0x4:0x0
                0x00000000                EraseNVMLink = DEFINED (gEraseNVMLink_d)?gEraseNVMLink_d:0x0
                0x00000000                ram_vector_table = DEFINED (__ram_vector_table__)?__ram_vector_table__:0x0
                0x00000000                UseBootloaderLink = DEFINED (gUseBootloaderLink_d)?gUseBootloaderLink_d:0x0
                0x00000000                UseInternalStorageLink = DEFINED (gUseInternalStorageLink_d)?gUseInternalStorageLink_d:0x0
                0x00000000                HEAP_SIZE = DEFINED (__heap_size__)?__heap_size__:0x0
                0x00000800                STACK_SIZE = DEFINED (__stack_size__)?__stack_size__:0x800
                0x00000114                vector_table_size = 0x114
                0x00000000                m_bootloader_size = UseBootloaderLink?(0x5 * m_sector_size):0x0
                0x00000000                m_bootFlags_size = UseBootloaderLink?0x10:0x0
                0x00002000                NV_STORAGE_SIZE = (NVMSectorCountLink * m_sector_size)
                0x00001800                m_reserved_flash_size = (0x3 * m_sector_size)
                0x00003914                used_flash_size = ((((m_bootloader_size + vector_table_size) + m_bootFlags_size) + NV_STORAGE_SIZE) + m_reserved_flash_size)
                0x00000000                INT_STORAGE_SIZE = UseInternalStorageLink?(m_sector_size * ((((m_flash_size - used_flash_size) / 0x2) / m_sector_size) + 0x1)):0x0
                0x00000000                m_bootloader_start = m_flash_start
                0x00000000                m_interrupts_start = m_bootloader_size
                0x00000113                m_interrupts_end = ((m_interrupts_start + vector_table_size) - 0x1)
                0x00000114                m_bootFlags_start = (m_interrupts_end + 0x1)
                0x00000113                m_bootFlags_end = ((m_bootFlags_start + m_bootFlags_size) - 0x1)
                0x00000114                m_text_start = (m_bootFlags_end + 0x1)
                0x0007e800                m_reserved_flash_start = (m_flash_size - (0x3 * m_sector_size))
                0x0007e7ff                NV_STORAGE_END_ADDRESS = (m_reserved_flash_start - 0x1)
                0x0007c800                NV_STORAGE_START_ADDRESS = ((NV_STORAGE_END_ADDRESS - NV_STORAGE_SIZE) + 0x1)
                0x0007c7ff                INT_STORAGE_END = (NV_STORAGE_START_ADDRESS - 0x1)
                0x0007c800                INT_STORAGE_START = ((INT_STORAGE_END - INT_STORAGE_SIZE) + 0x1)
                0x0007c7ff                m_text_end = (INT_STORAGE_START - 0x1)
                0x0007c6ec                m_text_size = ((m_text_end - m_text_start) + 0x1)
                0x00000800                NV_STORAGE_SECTOR_SIZE = m_sector_size
                0x00000004                NV_STORAGE_MAX_SECTORS = NVMSectorCountLink
                0x00000114                __BootFlags_Start__ = m_bootFlags_start
                0x0007d7ff                NV_VIRTUAL_PAGE_BOUND = (NV_STORAGE_END_ADDRESS - (NV_STORAGE_SIZE / 0x2))
                0x00000800                INT_STORAGE_SECTOR_SIZE = m_sector_size
                0x00000000                M_VECTOR_RAM_SIZE = DEFINED (__ram_vector_table__)?vector_table_size:0x0
                0x04000400                _RAM_START_ = ORIGIN (m_data)
                0x0401ffff                _RAM_END_ = ((ORIGIN (m_data) + LENGTH (m_data)) - 0x1)

.interrupts     0x00000000      0x114
                0x00000000                __VECTOR_TABLE = .
                0x00000000                . = ALIGN (0x4)
 *(.isr_vector)
 .isr_vector    0x00000000      0x114 ./startup/startup_QN908XC.o
                0x00000000                __Vectors
                0x00000114                . = ALIGN (0x4)

.boot_flags     0x00000114        0x0
                0x00000114                . = ALIGN (0x4)
 *(.BootloaderFlags)
                0x00000114                . = ALIGN (0x4)

.text           0x00000140    0x32978
                0x00000140                . = ALIGN (0x4)
 *(.text)
 .text          0x00000140       0x6c c:/nxp/mcuxpressoide_10.1.1_606/ide/tools/bin/../lib/gcc/arm-none-eabi/6.3.1/thumb/v7e-m/fpv4-sp/hard/crtbegin.o
 .text          0x000001ac       0x74 c:/nxp/mcuxpressoide_10.1.1_606/ide/tools/bin/../lib/gcc/arm-none-eabi/6.3.1/../../../../arm-none-eabi/lib/thumb/v7e-m/fpv4-sp/hard/crt0.o
                0x000001ac                _start
                0x000001ac                _mainCRTStartup
 .text          0x00000220      0x1c0 ./startup/startup_QN908XC.o
                0x00000220                Reset_Handler
                0x00000264                BLE_RX_DriverIRQHandler
                0x00000264                BLE_DriverIRQHandler
                0x00000264                DebugMon_Handler
                0x00000264                EXT_GPIO_WAKEUP_DriverIRQHandler
                0x00000264                MemManage_Handler
                0x00000264                SCT0_DriverIRQHandler
                0x00000264                DMA0_DriverIRQHandler
                0x00000264                ACMP1_DriverIRQHandler
                0x00000264                BusFault_Handler
                0x00000264                WDT_DriverIRQHandler
                0x00000264                GPIOA_DriverIRQHandler
                0x00000264                CALIB_DriverIRQHandler
                0x00000264                OSC_DriverIRQHandler
                0x00000264                DAC_DriverIRQHandler
                0x00000264                QDEC1_DriverIRQHandler
                0x00000264                BOD_DriverIRQHandler
                0x00000264                BLE_TX_DriverIRQHandler
                0x00000264                SPIFI0_DriverIRQHandler
                0x00000264                QDEC0_DriverIRQHandler
                0x00000264                UsageFault_Handler
                0x00000264                FSP_DriverIRQHandler
                0x00000264                XTAL_READY_DriverIRQHandler
                0x00000264                RTC_FR_DriverIRQHandler
                0x00000264                CS_DriverIRQHandler
                0x00000264                GPIOB_DriverIRQHandler
                0x00000264                DefaultISR
                0x00000264                USB0_DriverIRQHandler
                0x00000264                RNG_DriverIRQHandler
                0x00000264                FLASH_DriverIRQHandler
                0x00000264                ACMP0_DriverIRQHandler
                0x00000264                BLE_FREQ_HOP_DriverIRQHandler
                0x00000264                ADC_DriverIRQHandler
                0x00000264                CS_WAKEUP_DriverIRQHandler
                0x00000264                RTC_SEC_DriverIRQHandler
                0x00000264                OSC_INT_LOW_DriverIRQHandler
                0x00000268                NMI_Handler
                0x00000270                SVC_Handler
                0x00000274                PendSV_Handler
                0x00000278                SysTick_Handler
                0x0000027c                EXT_GPIO_WAKEUP_IRQHandler
                0x00000280                OSC_IRQHandler
                0x00000284                ACMP0_IRQHandler
                0x00000288                ACMP1_IRQHandler
                0x0000028c                RTC_SEC_IRQHandler
                0x00000294                CS_WAKEUP_IRQHandler
                0x00000298                CS_IRQHandler
                0x000002a0                GPIOB_IRQHandler
                0x000002a4                DMA0_IRQHandler
                0x000002a8                PIN_INT0_IRQHandler
                0x000002ac                PIN_INT1_IRQHandler
                0x000002b0                PIN_INT2_IRQHandler
                0x000002b4                PIN_INT3_IRQHandler
                0x000002b8                OSC_INT_LOW_IRQHandler
                0x000002bc                USB0_IRQHandler
                0x000002c0                FLEXCOMM0_IRQHandler
                0x000002c4                FLEXCOMM1_IRQHandler
                0x000002c8                FLEXCOMM2_IRQHandler
                0x000002cc                FLEXCOMM3_IRQHandler
                0x000002d4                FSP_IRQHandler
                0x000002d8                QDEC0_IRQHandler
                0x000002dc                QDEC1_IRQHandler
                0x000002e0                CTIMER0_IRQHandler
                0x000002e4                CTIMER1_IRQHandler
                0x000002e8                CTIMER2_IRQHandler
                0x000002ec                CTIMER3_IRQHandler
                0x000002f0                WDT_IRQHandler
                0x000002f4                ADC_IRQHandler
                0x000002f8                DAC_IRQHandler
                0x000002fc                XTAL_READY_IRQHandler
                0x00000300                FLASH_IRQHandler
                0x00000304                SPIFI0_IRQHandler
                0x00000308                SCT0_IRQHandler
                0x0000030c                RNG_IRQHandler
                0x00000310                CALIB_IRQHandler
                0x00000314                BLE_TX_IRQHandler
                0x00000318                BLE_RX_IRQHandler
                0x0000031c                BLE_FREQ_HOP_IRQHandler
                0x00000320                BOD_IRQHandler
 .text          0x000003e0      0x134 c:/nxp/mcuxpressoide_10.1.1_606/ide/tools/bin/../lib/gcc/arm-none-eabi/6.3.1/../../../../arm-none-eabi/lib/thumb/v7e-m/fpv4-sp/hard\libc.a(lib_a-memcpy.o)
                0x000003e0                memcpy
 *fill*         0x00000514        0xc 
 .text          0x00000520      0x2dc c:/nxp/mcuxpressoide_10.1.1_606/ide/tools/bin/../lib/gcc/arm-none-eabi/6.3.1/../../../../arm-none-eabi/lib/thumb/v7e-m/fpv4-sp/hard\libc.a(lib_a-strcmp.o)
                0x00000528                strcmp
 *fill*         0x000007fc        0x4 
 .text          0x00000800       0xdc c:/nxp/mcuxpressoide_10.1.1_606/ide/tools/bin/../lib/gcc/arm-none-eabi/6.3.1/../../../../arm-none-eabi/lib/thumb/v7e-m/fpv4-sp/hard\libc.a(lib_a-strlen.o)
                0x00000800                strlen
 .text          0x000008dc       0x30 c:/nxp/mcuxpressoide_10.1.1_606/ide/tools/bin/../lib/gcc/arm-none-eabi/6.3.1/thumb/v7e-m/fpv4-sp/hard\libgcc.a(_aeabi_uldivmod.o)
                0x000008dc                __aeabi_uldivmod
 .text          0x0000090c      0x2dc c:/nxp/mcuxpressoide_10.1.1_606/ide/tools/bin/../lib/gcc/arm-none-eabi/6.3.1/thumb/v7e-m/fpv4-sp/hard\libgcc.a(_udivmoddi4.o)
                0x0000090c                __udivmoddi4
 .text          0x00000be8        0x4 c:/nxp/mcuxpressoide_10.1.1_606/ide/tools/bin/../lib/gcc/arm-none-eabi/6.3.1/thumb/v7e-m/fpv4-sp/hard\libgcc.a(_dvmd_tls.o)
                0x00000be8                __aeabi_idiv0
                0x00000be8                __aeabi_ldiv0
 .text          0x00000bec      0x10a C:\Users\re91535z\Documents\MCUXpressoIDE_10.1.1_606\workspace\qn908xcdk_wireless_examples_bluetooth_ble_shell_bm\libs\lib_crypto_m4.a(ecdh.o)
                0x00000bec                Ecdh_GenerateNewKeys
                0x00000c90                Ecdh_ComputeDhKey
 *fill*         0x00000cf6        0x2 
 .text          0x00000cf8       0x34 C:\Users\re91535z\Documents\MCUXpressoIDE_10.1.1_606\workspace\qn908xcdk_wireless_examples_bluetooth_ble_shell_bm\libs\lib_crypto_m4.a(SW_RNG.o)
                0x00000cf8                SecLib_set_rng_seed
                0x00000d06                SecLib_get_random
 .text          0x00000d2c      0x3d8 C:\Users\re91535z\Documents\MCUXpressoIDE_10.1.1_606\workspace\qn908xcdk_wireless_examples_bluetooth_ble_shell_bm\libs\lib_crypto_m4.a(SW_SHA256.o)
                0x00000d2c                sw_sha256_initialize_output
                0x00000d4e                sw_sha256_hash
                0x00000d54                sw_sha256_update
                0x00000d6c                sw_sha256_hash_n
                0x00001004                k
 .text          0x00001104      0x3f6 C:\Users\re91535z\Documents\MCUXpressoIDE_10.1.1_606\workspace\qn908xcdk_wireless_examples_bluetooth_ble_shell_bm\libs\lib_crypto_m4.a(big_integer.o)
                0x00001104                Bi_Add
                0x000011b8                Bi_Sub
                0x000012a6                Bi_IsZero
                0x000012e6                Bi_IsOne
                0x0000131a                Bi_RightShift
                0x00001380                Bi_Copy
                0x000013c2                Bi_IsSame
                0x00001416                Bi_SetZero
                0x00001440                Bi_RightShiftBy
                0x000014c4                Bi_Compare
 *fill*         0x000014fa        0x2 
 .text          0x000014fc      0xc8c C:\Users\re91535z\Documents\MCUXpressoIDE_10.1.1_606\workspace\qn908xcdk_wireless_examples_bluetooth_ble_shell_bm\libs\lib_crypto_m4.a(ec_p_256.o)
                0x000014fc                EcP256_FieldAdd
                0x00001524                EcP256_FieldSub
                0x0000154c                EcP256_FieldMult
                0x000015fc                EcP256_SubModN
                0x0000161c                EcP256_FieldModO
                0x000016b6                EcP256_FieldModP
                0x00001828                EcP256_FieldInv
                0x0000195e                EcP256_PointDouble
                0x00001a70                EcP256_PointAdd
                0x00001ba2                EcP256_PointMult
                0x00001c9c                EcP256_PointSub
                0x00001cdc                EcP256_IsPointOnCurve
                0x000020c0                P256_prime_m
                0x000020e0                P256_prime_r
                0x00002100                P256_order_m
 *(.text*)
 .text.GattDb_Init
                0x00002188        0xe ./source/common/gatt_db/gatt_database.o
                0x00002188                GattDb_Init
 *fill*         0x00002196        0x2 
 .text.GattDb_GetIndexOfHandle
                0x00002198       0x78 ./source/common/gatt_db/gatt_database.o
                0x00002198                GattDb_GetIndexOfHandle
 .text.GattDbDynamic_AddServiceInDatabase
                0x00002210      0x11c ./source/common/gatt_db/gatt_database_dynamic.o
                0x00002210                GattDbDynamic_AddServiceInDatabase
 .text.GattDbDynamic_AddGattService
                0x0000232c       0xe6 ./source/common/gatt_db/gatt_database_dynamic.o
                0x0000232c                GattDbDynamic_AddGattService
 *fill*         0x00002412        0x2 
 .text.GattDbDynamic_AddGapService
                0x00002414      0x20c ./source/common/gatt_db/gatt_database_dynamic.o
                0x00002414                GattDbDynamic_AddGapService
 .text.GattDbDynamic_GetIpssService
                0x00002620       0x38 ./source/common/gatt_db/gatt_database_dynamic.o
                0x00002620                GattDbDynamic_GetIpssService
 .text.GattDbDynamic_GetHeartRateService
                0x00002658      0x19a ./source/common/gatt_db/gatt_database_dynamic.o
                0x00002658                GattDbDynamic_GetHeartRateService
 *fill*         0x000027f2        0x2 
 .text.GattDbDynamic_GetBatteryService
                0x000027f4      0x100 ./source/common/gatt_db/gatt_database_dynamic.o
                0x000027f4                GattDbDynamic_GetBatteryService
 .text.GattDbDynamic_GetDeviceInformationService
                0x000028f4      0x464 ./source/common/gatt_db/gatt_database_dynamic.o
                0x000028f4                GattDbDynamic_GetDeviceInformationService
 .text.main_task
                0x00002d58       0xd4 ./source/common/ApplMain.o
                0x00002d58                main_task
 .text.App_Thread
                0x00002e2c       0xd0 ./source/common/ApplMain.o
 .text.App_Connect
                0x00002efc       0x2c ./source/common/ApplMain.o
                0x00002efc                App_Connect
 .text.App_StartAdvertising
                0x00002f28       0x38 ./source/common/ApplMain.o
                0x00002f28                App_StartAdvertising
 .text.App_StartScanning
                0x00002f60       0x34 ./source/common/ApplMain.o
                0x00002f60                App_StartScanning
 .text.App_RegisterGattServerCallback
                0x00002f94       0x28 ./source/common/ApplMain.o
                0x00002f94                App_RegisterGattServerCallback
 .text.App_RegisterGattClientProcedureCallback
                0x00002fbc       0x28 ./source/common/ApplMain.o
                0x00002fbc                App_RegisterGattClientProcedureCallback
 .text.App_RegisterGattClientNotificationCallback
                0x00002fe4       0x28 ./source/common/ApplMain.o
                0x00002fe4                App_RegisterGattClientNotificationCallback
 .text.App_RegisterGattClientIndicationCallback
                0x0000300c       0x28 ./source/common/ApplMain.o
                0x0000300c                App_RegisterGattClientIndicationCallback
 .text.App_PostCallbackMessage
                0x00003034       0x5c ./source/common/ApplMain.o
                0x00003034                App_PostCallbackMessage
 .text.App_NvmErase
                0x00003090       0x34 ./source/common/ApplMain.o
                0x00003090                App_NvmErase
 .text.App_NvmWrite
                0x000030c4       0xd0 ./source/common/ApplMain.o
                0x000030c4                App_NvmWrite
 .text.App_NvmRead
                0x00003194       0xd0 ./source/common/ApplMain.o
                0x00003194                App_NvmRead
 .text.App_HandleHostMessageInput
                0x00003264      0x1b4 ./source/common/ApplMain.o
 .text.App_GenericCallback
                0x00003418       0x5c ./source/common/ApplMain.o
 .text.App_ConnectionCallback
                0x00003474      0x1cc ./source/common/ApplMain.o
 .text.App_AdvertisingCallback
                0x00003640       0x60 ./source/common/ApplMain.o
 .text.App_ScanningCallback
                0x000036a0       0xb4 ./source/common/ApplMain.o
 .text.App_GattServerCallback
                0x00003754       0xb0 ./source/common/ApplMain.o
 .text.App_GattClientProcedureCallback
                0x00003804       0x7c ./source/common/ApplMain.o
 .text.App_GattClientNotificationCallback
                0x00003880       0x8c ./source/common/ApplMain.o
 .text.App_GattClientIndicationCallback
                0x0000390c       0x8c ./source/common/ApplMain.o
 .text.BLE_SignalFromISRCallback
                0x00003998        0xe ./source/common/ApplMain.o
 *fill*         0x000039a6        0x2 
 .text.BleConnManager_GenericEvent
                0x000039a8       0x4c ./source/common/ble_conn_manager.o
                0x000039a8                BleConnManager_GenericEvent
 .text.BleConnManager_MCUInfoToSmpKeys
                0x000039f4      0x15c ./source/common/ble_conn_manager.o
 .text.ControllerTask
                0x00003b50       0x16 ./source/common/ble_controller_task.o
 *fill*         0x00003b66        0x2 
 .text.Controller_TaskInit
                0x00003b68       0x60 ./source/common/ble_controller_task.o
                0x00003b68                Controller_TaskInit
 .text.BLE_Semaphore_Give
                0x00003bc8       0x2c ./source/common/ble_controller_task.o
                0x00003bc8                BLE_Semaphore_Give
 .text.Ble_HostTaskInit
                0x00003bf4       0x78 ./source/common/ble_host_tasks.o
                0x00003bf4                Ble_HostTaskInit
 .text.Host_Task
                0x00003c6c       0x16 ./source/common/ble_host_tasks.o
 *fill*         0x00003c82        0x2 
 .text.Ble_Initialize
                0x00003c84       0x5c ./source/common/ble_init.o
                0x00003c84                Ble_Initialize
 .text.getSBoxValue
                0x00003ce0       0x20 ./source/Logicalis_HAL/aes.o
 .text.getSBoxInvert
                0x00003d00       0x20 ./source/Logicalis_HAL/aes.o
 .text.KeyExpansion
                0x00003d20      0x1bc ./source/Logicalis_HAL/aes.o
 .text.AddRoundKey
                0x00003edc       0x78 ./source/Logicalis_HAL/aes.o
 .text.SubBytes
                0x00003f54       0x60 ./source/Logicalis_HAL/aes.o
 .text.ShiftRows
                0x00003fb4       0xb8 ./source/Logicalis_HAL/aes.o
 .text.xtime    0x0000406c       0x3c ./source/Logicalis_HAL/aes.o
 .text.MixColumns
                0x000040a8      0x194 ./source/Logicalis_HAL/aes.o
 .text.InvMixColumns
                0x0000423c      0x6ac ./source/Logicalis_HAL/aes.o
 .text.InvSubBytes
                0x000048e8       0x60 ./source/Logicalis_HAL/aes.o
 .text.InvShiftRows
                0x00004948       0xb8 ./source/Logicalis_HAL/aes.o
 .text.Cipher   0x00004a00       0x4c ./source/Logicalis_HAL/aes.o
 .text.InvCipher
                0x00004a4c       0x4c ./source/Logicalis_HAL/aes.o
 .text.AES_ECB_encrypt
                0x00004a98       0x3c ./source/Logicalis_HAL/aes.o
                0x00004a98                AES_ECB_encrypt
 .text.AES_ECB_decrypt
                0x00004ad4       0x3c ./source/Logicalis_HAL/aes.o
                0x00004ad4                AES_ECB_decrypt
 .text.BleApp_Init
                0x00004b10       0x40 ./source/ble_shell.o
                0x00004b10                BleApp_Init
 .text.BleApp_GenericCallback
                0x00004b50       0x78 ./source/ble_shell.o
                0x00004b50                BleApp_GenericCallback
 .text.BleApp_Config
                0x00004bc8       0x5c ./source/ble_shell.o
 .text.HardFault_Handler
                0x00004c24       0x2a ./source/semihost_hardfault.o
                0x00004c24                HardFault_Handler
 *fill*         0x00004c4e        0x2 
 .text.ShellGap_Command
                0x00004c50       0x70 ./source/shell_gap.o
                0x00004c50                ShellGap_Command
 .text.ShellGap_DeviceAddress
                0x00004cc0       0x30 ./source/shell_gap.o
 .text.ShellGap_DeviceName
                0x00004cf0      0x130 ./source/shell_gap.o
 .text.ShellGap_StartAdvertising
                0x00004e20       0x3c ./source/shell_gap.o
 .text.ShellGap_StopAdvertising
                0x00004e5c       0x26 ./source/shell_gap.o
 *fill*         0x00004e82        0x2 
 .text.ShellGap_SetAdvertisingParameters
                0x00004e84      0x1ac ./source/shell_gap.o
 .text.ShellGap_AppendAdvData
                0x00005030      0x1a0 ./source/shell_gap.o
 .text.ShellGap_ChangeAdvertisingData
                0x000051d0       0xac ./source/shell_gap.o
 .text.ShellGap_StartScanning
                0x0000527c       0x40 ./source/shell_gap.o
 .text.ShellGap_StopScanning
                0x000052bc       0x26 ./source/shell_gap.o
 *fill*         0x000052e2        0x2 
 .text.ShellGap_SetScanParameters
                0x000052e4      0x1fc ./source/shell_gap.o
 .text.ShellGap_ChangeScanData
                0x000054e0       0xac ./source/shell_gap.o
 .text.ShellGap_Connect
                0x0000558c       0xc0 ./source/shell_gap.o
 .text.ShellGap_SetConnectionParameters
                0x0000564c      0x1c0 ./source/shell_gap.o
 .text.ShellGap_Disconnect
                0x0000580c       0x30 ./source/shell_gap.o
 .text.ShellGap_UpdateConnection
                0x0000583c       0xb0 ./source/shell_gap.o
 .text.ShellGap_Pair
                0x000058ec       0x78 ./source/shell_gap.o
 .text.ShellGap_PairCfg
                0x00005964      0x1ac ./source/shell_gap.o
 .text.ShellGap_EnterPasskey
                0x00005b10       0x40 ./source/shell_gap.o
 .text.ShellGap_Bonds
                0x00005b50      0x1bc ./source/shell_gap.o
 .text.crc16.9880
                0x00005d0c       0x82 ./source/shell_gap.o
 *fill*         0x00005d8e        0x2 
 .text.ShellGap_ParseScannedDevice
                0x00005d90      0x4bc ./source/shell_gap.o
 .text.ShellGap_GenericCallback
                0x0000624c       0xa8 ./source/shell_gap.o
                0x0000624c                ShellGap_GenericCallback
 .text.ShellGap_AdvertisingCallback
                0x000062f4       0x70 ./source/shell_gap.o
                0x000062f4                ShellGap_AdvertisingCallback
 .text.ShellGap_ConnectionCallback
                0x00006364      0x324 ./source/shell_gap.o
                0x00006364                ShellGap_ConnectionCallback
 .text.ShellGap_ScanningCallback
                0x00006688       0x90 ./source/shell_gap.o
                0x00006688                ShellGap_ScanningCallback
 .text.ShellGatt_Command
                0x00006718       0x70 ./source/shell_gatt.o
                0x00006718                ShellGatt_Command
 .text.ShellGatt_ClientCallback
                0x00006788      0x1ac ./source/shell_gatt.o
                0x00006788                ShellGatt_ClientCallback
 .text.ShellGatt_ServerCallback
                0x00006934       0x18 ./source/shell_gatt.o
                0x00006934                ShellGatt_ServerCallback
 .text.ShellGatt_NotificationCallback
                0x0000694c       0x74 ./source/shell_gatt.o
                0x0000694c                ShellGatt_NotificationCallback
 .text.ShellGatt_IndicationCallback
                0x000069c0       0x5c ./source/shell_gatt.o
                0x000069c0                ShellGatt_IndicationCallback
 .text.ShellGatt_GetServiceName
                0x00006a1c       0x4c ./source/shell_gatt.o
                0x00006a1c                ShellGatt_GetServiceName
 .text.ShellGatt_GetCharacteristicName
                0x00006a68       0x4c ./source/shell_gatt.o
                0x00006a68                ShellGatt_GetCharacteristicName
 .text.ShellGatt_GetDescriptorName
                0x00006ab4       0x4c ./source/shell_gatt.o
                0x00006ab4                ShellGatt_GetDescriptorName
 .text.ShellGatt_Discover
                0x00006b00      0x14c ./source/shell_gatt.o
 .text.ShellGatt_Read
                0x00006c4c       0xb4 ./source/shell_gatt.o
 .text.ShellGatt_Write
                0x00006d00       0xe8 ./source/shell_gatt.o
 .text.ShellGatt_WriteCmd
                0x00006de8       0x22 ./source/shell_gatt.o
 .text.ShellGatt_WriteRsp
                0x00006e0a       0x22 ./source/shell_gatt.o
 .text.ShellGatt_Notify
                0x00006e2c       0xb4 ./source/shell_gatt.o
 .text.ShellGatt_Indicate
                0x00006ee0       0xb4 ./source/shell_gatt.o
 .text.ShellGatt_PrintIndexedService
                0x00006f94       0x9c ./source/shell_gatt.o
 .text.ShellGatt_PrintIndexedCharacteristic
                0x00007030       0xbc ./source/shell_gatt.o
 .text.ShellGatt_DiscoveryHandler
                0x000070ec      0x1d4 ./source/shell_gatt.o
 .text.ShellGatt_CheckProcedureFinished
                0x000072c0       0x3c ./source/shell_gatt.o
 .text.ShellGatt_DiscoveryFinished
                0x000072fc       0x60 ./source/shell_gatt.o
 .text.ShellGatt_ParseHexValue
                0x0000735c       0xbc ./source/shell_gatt.o
 .text.ShellGattDb_Init
                0x00007418       0x2e ./source/shell_gattdb.o
                0x00007418                ShellGattDb_Init
 *fill*         0x00007446        0x2 
 .text.ShellGattDb_Command
                0x00007448       0x70 ./source/shell_gattdb.o
                0x00007448                ShellGattDb_Command
 .text.ShellGattDb_Read
                0x000074b8       0xb8 ./source/shell_gattdb.o
 .text.ShellGattDb_Write
                0x00007570       0xa4 ./source/shell_gattdb.o
 .text.ShellGattDb_AddService
                0x00007614      0x16c ./source/shell_gattdb.o
 .text.ShellGattDb_Erase
                0x00007780       0x2e ./source/shell_gattdb.o
 *fill*         0x000077ae        0x2 
 .text.ShellGattDb_ParseHexValue
                0x000077b0       0xbc ./source/shell_gattdb.o
 .text.ShellGattDb_AddServiceInDatabase
                0x0000786c      0x190 ./source/shell_gattdb.o
 .text.ShellThrput_Command
                0x000079fc       0x70 ./source/shell_thrput.o
                0x000079fc                ShellThrput_Command
 .text.ShellThr_SetParams
                0x00007a6c      0x1e0 ./source/shell_thrput.o
 .text.ShellThr_Start
                0x00007c4c      0x150 ./source/shell_thrput.o
 .text.ShellThr_Stop
                0x00007d9c       0x90 ./source/shell_thrput.o
 .text.ShellThr_SendData
                0x00007e2c       0x94 ./source/shell_thrput.o
 .text.ShellThr_AdvertisingCallback
                0x00007ec0       0x6c ./source/shell_thrput.o
                0x00007ec0                ShellThr_AdvertisingCallback
 .text.ShellThr_ConnectionCallback
                0x00007f2c       0x90 ./source/shell_thrput.o
                0x00007f2c                ShellThr_ConnectionCallback
 .text.ShellThr_ScanningCallback
                0x00007fbc       0xd4 ./source/shell_thrput.o
                0x00007fbc                ShellThr_ScanningCallback
 .text.ShellThr_CheckScanEvent
                0x00008090       0xe0 ./source/shell_thrput.o
 .text.ShellThr_MatchDataInAdvElementList
                0x00008170       0x52 ./source/shell_thrput.o
 *fill*         0x000081c2        0x2 
 .text.ShellThr_StartThroughputTest
                0x000081c4      0x104 ./source/shell_thrput.o
 .text.ShellThr_CheckResults
                0x000082c8       0x4c ./source/shell_thrput.o
 .text.ShellThr_PrintReport
                0x00008314       0xf8 ./source/shell_thrput.o
 .text.ShellThr_ProcessNotification
                0x0000840c       0x88 ./source/shell_thrput.o
                0x0000840c                ShellThr_ProcessNotification
 .text.ShellThr_MtuExchangeCallback
                0x00008494       0x1c ./source/shell_thrput.o
                0x00008494                ShellThr_MtuExchangeCallback
 .text.NVIC_EnableIRQ
                0x000084b0       0x34 ./framework/TimersManager/Source/TMR_Adapter.o
 .text.NVIC_ClearPendingIRQ
                0x000084e4       0x34 ./framework/TimersManager/Source/TMR_Adapter.o
 .text.NVIC_SetPriority
                0x00008518       0x54 ./framework/TimersManager/Source/TMR_Adapter.o
 .text.RESET_SetPeripheralReset
                0x0000856c       0x24 ./framework/TimersManager/Source/TMR_Adapter.o
 .text.RESET_ClearPeripheralReset
                0x00008590       0x24 ./framework/TimersManager/Source/TMR_Adapter.o
 .text.RESET_PeripheralReset
                0x000085b4       0x22 ./framework/TimersManager/Source/TMR_Adapter.o
 .text.RTC_Init
                0x000085d6       0x26 ./framework/TimersManager/Source/TMR_Adapter.o
 .text.RTC_GetFreeRunningCount
                0x000085fc       0x3e ./framework/TimersManager/Source/TMR_Adapter.o
 *fill*         0x0000863a        0x2 
 .text.StackTimer_Init
                0x0000863c       0x54 ./framework/TimersManager/Source/TMR_Adapter.o
                0x0000863c                StackTimer_Init
 .text.StackTimer_Enable
                0x00008690       0x18 ./framework/TimersManager/Source/TMR_Adapter.o
                0x00008690                StackTimer_Enable
 .text.StackTimer_Disable
                0x000086a8       0x18 ./framework/TimersManager/Source/TMR_Adapter.o
                0x000086a8                StackTimer_Disable
 .text.StackTimer_GetInputFrequency
                0x000086c0       0x24 ./framework/TimersManager/Source/TMR_Adapter.o
                0x000086c0                StackTimer_GetInputFrequency
 .text.StackTimer_GetCounterValue
                0x000086e4       0x24 ./framework/TimersManager/Source/TMR_Adapter.o
                0x000086e4                StackTimer_GetCounterValue
 .text.StackTimer_SetOffsetTicks
                0x00008708       0x20 ./framework/TimersManager/Source/TMR_Adapter.o
                0x00008708                StackTimer_SetOffsetTicks
 .text.StackTimer_ClearIntFlag
                0x00008728       0x28 ./framework/TimersManager/Source/TMR_Adapter.o
                0x00008728                StackTimer_ClearIntFlag
 .text.TMR_GetTimerStatus
                0x00008750       0x28 ./framework/TimersManager/Source/TimersManager.o
 .text.TMR_SetTimerStatus
                0x00008778       0x40 ./framework/TimersManager/Source/TimersManager.o
 .text.TMR_GetTimerType
                0x000087b8       0x28 ./framework/TimersManager/Source/TimersManager.o
 .text.TMR_SetTimerType
                0x000087e0       0x40 ./framework/TimersManager/Source/TimersManager.o
 .text.TmrTicksFromMilliseconds
                0x00008820       0x48 ./framework/TimersManager/Source/TimersManager.o
                0x00008820                TmrTicksFromMilliseconds
 .text.TMR_Init
                0x00008868       0x84 ./framework/TimersManager/Source/TimersManager.o
                0x00008868                TMR_Init
 .text.TMR_NotifyClkChanged
                0x000088ec       0x40 ./framework/TimersManager/Source/TimersManager.o
                0x000088ec                TMR_NotifyClkChanged
 .text.TMR_AllocateTimer
                0x0000892c       0x48 ./framework/TimersManager/Source/TimersManager.o
                0x0000892c                TMR_AllocateTimer
 .text.TMR_FreeTimer
                0x00008974       0x34 ./framework/TimersManager/Source/TimersManager.o
                0x00008974                TMR_FreeTimer
 .text.StackTimer_ISR
                0x000089a8       0x28 ./framework/TimersManager/Source/TimersManager.o
                0x000089a8                StackTimer_ISR
 .text.TMR_IsTimerActive
                0x000089d0       0x26 ./framework/TimersManager/Source/TimersManager.o
                0x000089d0                TMR_IsTimerActive
 .text.TMR_IsTimerReady
                0x000089f6       0x26 ./framework/TimersManager/Source/TimersManager.o
                0x000089f6                TMR_IsTimerReady
 .text.TMR_StartTimer
                0x00008a1c       0xb8 ./framework/TimersManager/Source/TimersManager.o
                0x00008a1c                TMR_StartTimer
 .text.TMR_StartLowPowerTimer
                0x00008ad4       0x32 ./framework/TimersManager/Source/TimersManager.o
                0x00008ad4                TMR_StartLowPowerTimer
 .text.TMR_StartIntervalTimer
                0x00008b06       0x2a ./framework/TimersManager/Source/TimersManager.o
                0x00008b06                TMR_StartIntervalTimer
 .text.TMR_StartSingleShotTimer
                0x00008b30       0x2a ./framework/TimersManager/Source/TimersManager.o
                0x00008b30                TMR_StartSingleShotTimer
 *fill*         0x00008b5a        0x2 
 .text.TMR_StopTimer
                0x00008b5c       0xc4 ./framework/TimersManager/Source/TimersManager.o
                0x00008b5c                TMR_StopTimer
 .text.TMR_Task
                0x00008c20      0x314 ./framework/TimersManager/Source/TimersManager.o
                0x00008c20                TMR_Task
 .text.TMR_EnableTimer
                0x00008f34       0x78 ./framework/TimersManager/Source/TimersManager.o
                0x00008f34                TMR_EnableTimer
 .text.TMR_TimeStampInit
                0x00008fac        0xc ./framework/TimersManager/Source/TimersManager.o
                0x00008fac                TMR_TimeStampInit
 .text.TMR_GetTimestamp
                0x00008fb8       0x12 ./framework/TimersManager/Source/TimersManager.o
                0x00008fb8                TMR_GetTimestamp
 *fill*         0x00008fca        0x2 
 .text.TMR_RTCInit
                0x00008fcc       0x90 ./framework/TimersManager/Source/TimersManager.o
                0x00008fcc                TMR_RTCInit
 .text.TMR_RTCGetTimestamp
                0x0000905c      0x170 ./framework/TimersManager/Source/TimersManager.o
                0x0000905c                TMR_RTCGetTimestamp
 .text.shell_init
                0x000091cc       0xd8 ./framework/Shell/Source/shell.o
                0x000091cc                shell_init
 .text.shell_change_prompt
                0x000092a4       0x20 ./framework/Shell/Source/shell.o
                0x000092a4                shell_change_prompt
 .text.shell_cmd_finished
                0x000092c4       0x4c ./framework/Shell/Source/shell.o
                0x000092c4                shell_cmd_finished
 .text.shell_refresh
                0x00009310       0x40 ./framework/Shell/Source/shell.o
                0x00009310                shell_refresh
 .text.shell_writeN
                0x00009350       0x34 ./framework/Shell/Source/shell.o
                0x00009350                shell_writeN
 .text.shell_write
                0x00009384       0x22 ./framework/Shell/Source/shell.o
                0x00009384                shell_write
 *fill*         0x000093a6        0x2 
 .text.shell_putc
                0x000093a8       0x24 ./framework/Shell/Source/shell.o
                0x000093a8                shell_putc
 .text.shell_writeDec
                0x000093cc       0x20 ./framework/Shell/Source/shell.o
                0x000093cc                shell_writeDec
 .text.shell_writeHex
                0x000093ec       0x28 ./framework/Shell/Source/shell.o
                0x000093ec                shell_writeHex
 .text.shell_writeHexLe
                0x00009414       0x28 ./framework/Shell/Source/shell.o
                0x00009414                shell_writeHexLe
 .text.shell_writeBool
                0x0000943c       0x30 ./framework/Shell/Source/shell.o
                0x0000943c                shell_writeBool
 .text.shell_register_function
                0x0000946c       0xa4 ./framework/Shell/Source/shell.o
                0x0000946c                shell_register_function
 .text.shell_find_command
                0x00009510       0x60 ./framework/Shell/Source/shell.o
                0x00009510                shell_find_command
 .text.make_argv
                0x00009570       0x9c ./framework/Shell/Source/shell.o
                0x00009570                make_argv
 .text.shell_main
                0x0000960c      0x220 ./framework/Shell/Source/shell.o
 .text.shell_ProcessChr
                0x0000982c      0x5f0 ./framework/Shell/Source/shell.o
 .text.shell_erase_to_eol
                0x00009e1c       0xa8 ./framework/Shell/Source/shell.o
 .text.complete_cmdv
                0x00009ec4      0x130 ./framework/Shell/Source/shell_autocomplete.o
 .text.print_argv
                0x00009ff4       0xec ./framework/Shell/Source/shell_autocomplete.o
 .text.find_common_prefix
                0x0000a0e0       0x8c ./framework/Shell/Source/shell_autocomplete.o
 .text.cmd_auto_complete
                0x0000a16c      0x2c8 ./framework/Shell/Source/shell_autocomplete.o
                0x0000a16c                cmd_auto_complete
 .text.DoVer    0x0000a434       0x68 ./framework/Shell/Source/shell_cmdhelp.o
 .text.DoHelp   0x0000a49c      0x1c4 ./framework/Shell/Source/shell_cmdhelp.o
 .text.DoHelpComplete
                0x0000a660       0xb0 ./framework/Shell/Source/shell_cmdhelp.o
 .text.hist_init
                0x0000a710       0x5c ./framework/Shell/Source/shell_cmdhist.o
                0x0000a710                hist_init
 .text.hist_add
                0x0000a76c       0x64 ./framework/Shell/Source/shell_cmdhist.o
                0x0000a76c                hist_add
 .text.hist_next
                0x0000a7d0       0x78 ./framework/Shell/Source/shell_cmdhist.o
                0x0000a7d0                hist_next
 .text.hist_prev
                0x0000a848       0x78 ./framework/Shell/Source/shell_cmdhist.o
                0x0000a848                hist_prev
 .text.DoHist   0x0000a8c0       0x80 ./framework/Shell/Source/shell_cmdhist.o
 .text.NVIC_EnableIRQ
                0x0000a940       0x34 ./framework/SerialManager/Source/UART_Adapter/UART_Adapter.o
 .text.NVIC_SetPriority
                0x0000a974       0x54 ./framework/SerialManager/Source/UART_Adapter/UART_Adapter.o
 .text.USART_GetStatusFlags
                0x0000a9c8       0x1a ./framework/SerialManager/Source/UART_Adapter/UART_Adapter.o
 .text.USART_ClearStatusFlags
                0x0000a9e2       0x22 ./framework/SerialManager/Source/UART_Adapter/UART_Adapter.o
 .text.USART_EnableInterrupts
                0x0000aa04       0x22 ./framework/SerialManager/Source/UART_Adapter/UART_Adapter.o
 .text.USART_DisableInterrupts
                0x0000aa26       0x22 ./framework/SerialManager/Source/UART_Adapter/UART_Adapter.o
 .text.USART_GetEnabledInterrupts
                0x0000aa48       0x1a ./framework/SerialManager/Source/UART_Adapter/UART_Adapter.o
 .text.USART_WriteByte
                0x0000aa62       0x20 ./framework/SerialManager/Source/UART_Adapter/UART_Adapter.o
 .text.USART_ReadByte
                0x0000aa82       0x1c ./framework/SerialManager/Source/UART_Adapter/UART_Adapter.o
 *fill*         0x0000aa9e        0x2 
 .text.USART_Initialize
                0x0000aaa0       0xd4 ./framework/SerialManager/Source/UART_Adapter/UART_Adapter.o
                0x0000aaa0                USART_Initialize
 .text.USART_SetBaudrate
                0x0000ab74       0x48 ./framework/SerialManager/Source/UART_Adapter/UART_Adapter.o
                0x0000ab74                USART_SetBaudrate
 .text.USART_SendData
                0x0000abbc       0xb0 ./framework/SerialManager/Source/UART_Adapter/UART_Adapter.o
                0x0000abbc                USART_SendData
 .text.USART_InstallRxCalback
                0x0000ac6c       0x48 ./framework/SerialManager/Source/UART_Adapter/UART_Adapter.o
                0x0000ac6c                USART_InstallRxCalback
 .text.USART_InstallTxCalback
                0x0000acb4       0x48 ./framework/SerialManager/Source/UART_Adapter/UART_Adapter.o
                0x0000acb4                USART_InstallTxCalback
 .text.USART_IsTxActive
                0x0000acfc       0x58 ./framework/SerialManager/Source/UART_Adapter/UART_Adapter.o
                0x0000acfc                USART_IsTxActive
 .text.USART_ISR
                0x0000ad54      0x144 ./framework/SerialManager/Source/UART_Adapter/UART_Adapter.o
 .text.SerialManager_Init
                0x0000ae98       0x7c ./framework/SerialManager/Source/SerialManager.o
                0x0000ae98                SerialManager_Init
 .text.SerialManagerTask
                0x0000af14      0x148 ./framework/SerialManager/Source/SerialManager.o
                0x0000af14                SerialManagerTask
 .text.Serial_InitInterface
                0x0000b05c      0x128 ./framework/SerialManager/Source/SerialManager.o
                0x0000b05c                Serial_InitInterface
 .text.Serial_AsyncWrite
                0x0000b184      0x120 ./framework/SerialManager/Source/SerialManager.o
                0x0000b184                Serial_AsyncWrite
 .text.Serial_SyncWrite
                0x0000b2a4       0x84 ./framework/SerialManager/Source/SerialManager.o
                0x0000b2a4                Serial_SyncWrite
 .text.Serial_Read
                0x0000b328       0xd0 ./framework/SerialManager/Source/SerialManager.o
                0x0000b328                Serial_Read
 .text.Serial_RxBufferByteCount
                0x0000b3f8       0xcc ./framework/SerialManager/Source/SerialManager.o
                0x0000b3f8                Serial_RxBufferByteCount
 .text.Serial_SetRxCallBack
                0x0000b4c4       0x58 ./framework/SerialManager/Source/SerialManager.o
                0x0000b4c4                Serial_SetRxCallBack
 .text.Serial_SetBaudRate
                0x0000b51c       0x6c ./framework/SerialManager/Source/SerialManager.o
                0x0000b51c                Serial_SetBaudRate
 .text.Serial_PrintHex
                0x0000b588      0x15c ./framework/SerialManager/Source/SerialManager.o
                0x0000b588                Serial_PrintHex
 .text.Serial_PrintDec
                0x0000b6e4       0x94 ./framework/SerialManager/Source/SerialManager.o
                0x0000b6e4                Serial_PrintDec
 .text.Serial_WriteInternal
                0x0000b778       0xe8 ./framework/SerialManager/Source/SerialManager.o
 .text.SerialManager_RxNotify
                0x0000b860       0xb4 ./framework/SerialManager/Source/SerialManager.o
                0x0000b860                SerialManager_RxNotify
 .text.SerialManager_TxNotify
                0x0000b914       0xd4 ./framework/SerialManager/Source/SerialManager.o
                0x0000b914                SerialManager_TxNotify
 .text.Serial_TxQueueMaintenance
                0x0000b9e8      0x100 ./framework/SerialManager/Source/SerialManager.o
 .text.Serial_UartRxCb
                0x0000bae8       0x4c ./framework/SerialManager/Source/SerialManager.o
 .text.Serial_UartTxCb
                0x0000bb34       0x1a ./framework/SerialManager/Source/SerialManager.o
 .text.SecLib_Init
                0x0000bb4e        0xe ./framework/SecLib/SecLib.o
                0x0000bb4e                SecLib_Init
 .text.AES_128_Encrypt
                0x0000bb5c       0x3c ./framework/SecLib/SecLib.o
                0x0000bb5c                AES_128_Encrypt
 .text.AES_128_CMAC
                0x0000bb98       0x3c ./framework/SecLib/SecLib.o
                0x0000bb98                AES_128_CMAC
 .text.AES_128_CMAC_LsbFirstInput
                0x0000bbd4      0x1e0 ./framework/SecLib/SecLib.o
                0x0000bbd4                AES_128_CMAC_LsbFirstInput
 .text.SecLib_XorN
                0x0000bdb4       0x44 ./framework/SecLib/SecLib.o
                0x0000bdb4                SecLib_XorN
 .text.AES_128_CMAC_Generate_Subkey
                0x0000bdf8       0xcc ./framework/SecLib/SecLib.o
 .text.SecLib_LeftShiftOneBit
                0x0000bec4       0x68 ./framework/SecLib/SecLib.o
 .text.SecLib_Padding
                0x0000bf2c       0x62 ./framework/SecLib/SecLib.o
 .text.SecLib_Xor128
                0x0000bf8e       0x46 ./framework/SecLib/SecLib.o
 .text.SHA256_Init
                0x0000bfd4       0x2a ./framework/SecLib/SecLib.o
                0x0000bfd4                SHA256_Init
 .text.SHA256_HashUpdate
                0x0000bffe       0xfa ./framework/SecLib/SecLib.o
                0x0000bffe                SHA256_HashUpdate
 .text.SHA256_HashFinish
                0x0000c0f8       0xdc ./framework/SecLib/SecLib.o
                0x0000c0f8                SHA256_HashFinish
 .text.SHA256_Hash
                0x0000c1d4       0x38 ./framework/SecLib/SecLib.o
                0x0000c1d4                SHA256_Hash
 .text.ECDH_P256_GenerateKeys
                0x0000c20c       0x54 ./framework/SecLib/SecLib.o
                0x0000c20c                ECDH_P256_GenerateKeys
 .text.ECDH_P256_ComputeDhKey
                0x0000c260       0x6c ./framework/SecLib/SecLib.o
                0x0000c260                ECDH_P256_ComputeDhKey
 .text.SHA256_hash_n
                0x0000c2cc       0x26 ./framework/SecLib/SecLib.o
 .text.AES_128_CMAC_HW
                0x0000c2f2      0x19a ./framework/SecLib/SecLib.o
 .text.RNG_Enable
                0x0000c48c       0x38 ./framework/RNG/Source/RNG.o
 .text.RNG_Init
                0x0000c4c4       0x6c ./framework/RNG/Source/RNG.o
                0x0000c4c4                RNG_Init
 .text.RNG_HwGetRandomNo
                0x0000c530       0x58 ./framework/RNG/Source/RNG.o
                0x0000c530                RNG_HwGetRandomNo
 .text.RNG_GetRandomNo
                0x0000c588       0x2c ./framework/RNG/Source/RNG.o
                0x0000c588                RNG_GetRandomNo
 .text.RNG_SetPseudoRandomNoSeed
                0x0000c5b4       0x5c ./framework/RNG/Source/RNG.o
                0x0000c5b4                RNG_SetPseudoRandomNoSeed
 .text.RNG_GetPseudoRandomNo
                0x0000c610      0x13c ./framework/RNG/Source/RNG.o
                0x0000c610                RNG_GetPseudoRandomNo
 .text.panic    0x0000c74c       0x1a ./framework/Panic/Source/Panic.o
                0x0000c74c                panic
 .text.__assertion_failed
                0x0000c766       0x14 ./framework/Panic/Source/Panic.o
                0x0000c766                __assertion_failed
 *fill*         0x0000c77a        0x2 
 .text.OSA_EnableIRQGlobal
                0x0000c77c       0x30 ./framework/OSAbstraction/Source/fsl_os_abstraction_bm.o
                0x0000c77c                OSA_EnableIRQGlobal
 .text.OSA_DisableIRQGlobal
                0x0000c7ac       0x20 ./framework/OSAbstraction/Source/fsl_os_abstraction_bm.o
                0x0000c7ac                OSA_DisableIRQGlobal
 .text.OSA_TaskGetId
                0x0000c7cc       0x18 ./framework/OSAbstraction/Source/fsl_os_abstraction_bm.o
                0x0000c7cc                OSA_TaskGetId
 .text.OSA_TaskYield
                0x0000c7e4       0x10 ./framework/OSAbstraction/Source/fsl_os_abstraction_bm.o
                0x0000c7e4                OSA_TaskYield
 .text.task_init
                0x0000c7f4       0x68 ./framework/OSAbstraction/Source/fsl_os_abstraction_bm.o
                0x0000c7f4                task_init
 .text.OSA_TaskCreate
                0x0000c85c       0xfc ./framework/OSAbstraction/Source/fsl_os_abstraction_bm.o
                0x0000c85c                OSA_TaskCreate
 .text.OSA_TimeInit
                0x0000c958        0xe ./framework/OSAbstraction/Source/fsl_os_abstraction_bm.o
                0x0000c958                OSA_TimeInit
 *fill*         0x0000c966        0x2 
 .text.OSA_EventCreate
                0x0000c968       0x5c ./framework/OSAbstraction/Source/fsl_os_abstraction_bm.o
                0x0000c968                OSA_EventCreate
 .text.OSA_EventSet
                0x0000c9c4       0x54 ./framework/OSAbstraction/Source/fsl_os_abstraction_bm.o
                0x0000c9c4                OSA_EventSet
 .text.OSA_EventWait
                0x0000ca18       0xb0 ./framework/OSAbstraction/Source/fsl_os_abstraction_bm.o
                0x0000ca18                OSA_EventWait
 .text.OSA_InterruptEnable
                0x0000cac8        0xc ./framework/OSAbstraction/Source/fsl_os_abstraction_bm.o
                0x0000cac8                OSA_InterruptEnable
 .text.OSA_InterruptDisable
                0x0000cad4        0xc ./framework/OSAbstraction/Source/fsl_os_abstraction_bm.o
                0x0000cad4                OSA_InterruptDisable
 .text.OSA_InstallIntHandler
                0x0000cae0       0x20 ./framework/OSAbstraction/Source/fsl_os_abstraction_bm.o
                0x0000cae0                OSA_InstallIntHandler
 .text.main     0x0000cb00       0x28 ./framework/OSAbstraction/Source/fsl_os_abstraction_bm.o
                0x0000cb00                main
 .text.osObjectAlloc
                0x0000cb28       0x4e ./framework/OSAbstraction/Source/fsl_os_abstraction_bm.o
 .text.osObjectIsAllocated
                0x0000cb76       0x56 ./framework/OSAbstraction/Source/fsl_os_abstraction_bm.o
 .text.OSA_Init
                0x0000cbcc        0xe ./framework/OSAbstraction/Source/fsl_os_abstraction_bm.o
                0x0000cbcc                OSA_Init
 *fill*         0x0000cbda        0x2 
 .text.OSA_Start
                0x0000cbdc       0x50 ./framework/OSAbstraction/Source/fsl_os_abstraction_bm.o
                0x0000cbdc                OSA_Start
 .text.OSA_InsertTaskBefore
                0x0000cc2c       0x32 ./framework/OSAbstraction/Source/fsl_os_abstraction_bm.o
 .text.ListAddTailMsg
                0x0000cc5e       0x22 ./framework/Messaging/Source/Messaging.o
                0x0000cc5e                ListAddTailMsg
 .text.ListAddHeadMsg
                0x0000cc80       0x22 ./framework/Messaging/Source/Messaging.o
                0x0000cc80                ListAddHeadMsg
 .text.ListRemoveHeadMsg
                0x0000cca2       0x26 ./framework/Messaging/Source/Messaging.o
                0x0000cca2                ListRemoveHeadMsg
 .text.MEM_Init
                0x0000ccc8       0xbc ./framework/MemManager/Source/MemManager.o
                0x0000ccc8                MEM_Init
 .text.MEM_BufferAllocWithId
                0x0000cd84       0xac ./framework/MemManager/Source/MemManager.o
                0x0000cd84                MEM_BufferAllocWithId
 .text.MEM_BufferFree
                0x0000ce30       0xb0 ./framework/MemManager/Source/MemManager.o
                0x0000ce30                MEM_BufferFree
 .text.MEM_BufferGetSize
                0x0000cee0       0x26 ./framework/MemManager/Source/MemManager.o
                0x0000cee0                MEM_BufferGetSize
 .text.ListInit
                0x0000cf06       0x30 ./framework/Lists/GenericList.o
                0x0000cf06                ListInit
 .text.ListAddTail
                0x0000cf36       0x76 ./framework/Lists/GenericList.o
                0x0000cf36                ListAddTail
 .text.ListAddHead
                0x0000cfac       0x76 ./framework/Lists/GenericList.o
                0x0000cfac                ListAddHead
 .text.ListRemoveHead
                0x0000d022       0x68 ./framework/Lists/GenericList.o
                0x0000d022                ListRemoveHead
 *fill*         0x0000d08a        0x2 
 .text.LED_Init
                0x0000d08c       0x28 ./framework/LED/Source/LED.o
                0x0000d08c                LED_Init
 .text.LED_Operate
                0x0000d0b4       0x64 ./framework/LED/Source/LED.o
                0x0000d0b4                LED_Operate
 .text.LED_ToggleLed
                0x0000d118       0x1c ./framework/LED/Source/LED.o
                0x0000d118                LED_ToggleLed
 .text.LED_StartFlashWithPeriod
                0x0000d134       0x54 ./framework/LED/Source/LED.o
                0x0000d134                LED_StartFlashWithPeriod
 .text.LED_GpioSet
                0x0000d188       0x3c ./framework/LED/Source/LED.o
 .text.LED_DecrementBlip
                0x0000d1c4       0x7c ./framework/LED/Source/LED.o
 .text.LED_FlashTimeout
                0x0000d240       0x6c ./framework/LED/Source/LED.o
 .text.GPIO_SetPinsOutput
                0x0000d2ac       0x22 ./framework/GPIO/GPIO_Adapter.o
 .text.GPIO_ClearPinsOutput
                0x0000d2ce       0x24 ./framework/GPIO/GPIO_Adapter.o
 .text.GPIO_TogglePinsOutput
                0x0000d2f2       0x22 ./framework/GPIO/GPIO_Adapter.o
 .text.GPIO_GetPinsInterruptFlags
                0x0000d314       0x18 ./framework/GPIO/GPIO_Adapter.o
 .text.IOCON_FuncSet
                0x0000d32c      0x120 ./framework/GPIO/GPIO_Adapter.o
 .text.IOCON_DriveSet
                0x0000d44c       0xe8 ./framework/GPIO/GPIO_Adapter.o
 .text.GpioSetPinMux
                0x0000d534       0x28 ./framework/GPIO/GPIO_Adapter.o
                0x0000d534                GpioSetPinMux
 .text.GpioSetPinOutput
                0x0000d55c       0x34 ./framework/GPIO/GPIO_Adapter.o
                0x0000d55c                GpioSetPinOutput
 .text.GpioClearPinOutput
                0x0000d590       0x34 ./framework/GPIO/GPIO_Adapter.o
                0x0000d590                GpioClearPinOutput
 .text.GpioTogglePinOutput
                0x0000d5c4       0x34 ./framework/GPIO/GPIO_Adapter.o
                0x0000d5c4                GpioTogglePinOutput
 .text.GpioSetDriveStrength
                0x0000d5f8       0x28 ./framework/GPIO/GPIO_Adapter.o
                0x0000d5f8                GpioSetDriveStrength
 .text.GpioOutputPinInit
                0x0000d620       0xa8 ./framework/GPIO/GPIO_Adapter.o
                0x0000d620                GpioOutputPinInit
 .text.Gpio_CommonIsr
                0x0000d6c8       0xac ./framework/GPIO/GPIO_Adapter.o
                0x0000d6c8                Gpio_CommonIsr
 .text.FLib_MemCpy
                0x0000d774       0x1e ./framework/FunctionLib/FunctionLib.o
                0x0000d774                FLib_MemCpy
 .text.FLib_MemCpyReverseOrder
                0x0000d792       0x4a ./framework/FunctionLib/FunctionLib.o
                0x0000d792                FLib_MemCpyReverseOrder
 .text.FLib_MemCmp
                0x0000d7dc       0x2e ./framework/FunctionLib/FunctionLib.o
                0x0000d7dc                FLib_MemCmp
 .text.FLib_MemCmpToVal
                0x0000d80a       0x3c ./framework/FunctionLib/FunctionLib.o
                0x0000d80a                FLib_MemCmpToVal
 .text.FLib_MemSet
                0x0000d846       0x22 ./framework/FunctionLib/FunctionLib.o
                0x0000d846                FLib_MemSet
 .text.FLib_MemInPlaceCpy
                0x0000d868       0x68 ./framework/FunctionLib/FunctionLib.o
                0x0000d868                FLib_MemInPlaceCpy
 .text.NV_Init  0x0000d8d0       0x30 ./framework/Flash/Internal/Flash_Adapter.o
                0x0000d8d0                NV_Init
 .text.RESET_SetPeripheralReset
                0x0000d900       0x24 ./drivers/fsl_adc.o
 .text.RESET_ClearPeripheralReset
                0x0000d924       0x24 ./drivers/fsl_adc.o
 .text.RESET_PeripheralReset
                0x0000d948       0x22 ./drivers/fsl_adc.o
 *fill*         0x0000d96a        0x2 
 .text.ADC_GetClockIndex
                0x0000d96c       0x4c ./drivers/fsl_adc.o
 .text.ADC_GetInstance
                0x0000d9b8       0x44 ./drivers/fsl_adc.o
 .text.ADC_Init
                0x0000d9fc      0x128 ./drivers/fsl_adc.o
                0x0000d9fc                ADC_Init
 .text.ADC_GetDefaultConfig
                0x0000db24       0x40 ./drivers/fsl_adc.o
                0x0000db24                ADC_GetDefaultConfig
 .text.ADC_SetSdConfig
                0x0000db64      0x12c ./drivers/fsl_adc.o
                0x0000db64                ADC_SetSdConfig
 .text.ADC_GetSdDefaultConfig
                0x0000dc90       0x44 ./drivers/fsl_adc.o
                0x0000dc90                ADC_GetSdDefaultConfig
 .text.em_wr    0x0000dcd4       0x2e ./drivers/fsl_aes.o
 .text.em_rd    0x0000dd02       0x2e ./drivers/fsl_aes.o
 .text.ble_intstat_get
                0x0000dd30       0x18 ./drivers/fsl_aes.o
 .text.ble_aesptr_set
                0x0000dd48       0x20 ./drivers/fsl_aes.o
 .text.ble_aescntl_set
                0x0000dd68       0x20 ./drivers/fsl_aes.o
 .text.ble_intack_clear
                0x0000dd88       0x20 ./drivers/fsl_aes.o
 .text.ble_aeskey31_0_set
                0x0000dda8       0x20 ./drivers/fsl_aes.o
 .text.ble_aeskey63_32_set
                0x0000ddc8       0x20 ./drivers/fsl_aes.o
 .text.ble_aeskey95_64_set
                0x0000dde8       0x20 ./drivers/fsl_aes.o
 .text.ble_aeskey127_96_set
                0x0000de08       0x20 ./drivers/fsl_aes.o
 .text.co_read16p
                0x0000de28       0x2c ./drivers/fsl_aes.o
 .text.co_read32p
                0x0000de54       0x30 ./drivers/fsl_aes.o
 .text.AES_128_Encrypt_HW
                0x0000de84      0x104 ./drivers/fsl_aes.o
                0x0000de84                AES_128_Encrypt_HW
 .text.CALIB_CalibMainBangap
                0x0000df88       0x54 ./drivers/fsl_calibration.o
                0x0000df88                CALIB_CalibMainBangap
 .text.CALIB_CalibRC
                0x0000dfdc       0x98 ./drivers/fsl_calibration.o
 .text.CALIB_CalibXTAL
                0x0000e074       0xa4 ./drivers/fsl_calibration.o
 .text.CALIB_CalibOSC32M
                0x0000e118       0xe8 ./drivers/fsl_calibration.o
 .text.CALIB_CalibRCO32K
                0x0000e200       0x80 ./drivers/fsl_calibration.o
 .text.CALIB_PowerOn
                0x0000e280       0xfc ./drivers/fsl_calibration.o
 .text.CALIB_SystemCalib
                0x0000e37c       0x42 ./drivers/fsl_calibration.o
                0x0000e37c                CALIB_SystemCalib
 .text.DisableGlobalIRQ
                0x0000e3be       0x20 ./drivers/fsl_clock.o
 .text.EnableGlobalIRQ
                0x0000e3de       0x1e ./drivers/fsl_clock.o
 .text.Clk32KConfig
                0x0000e3fc       0x30 ./drivers/fsl_clock.o
 .text.ClkSysConfig
                0x0000e42c       0x42 ./drivers/fsl_clock.o
 .text.ClkWdtConfig
                0x0000e46e       0x30 ./drivers/fsl_clock.o
 .text.ClkBleConfig
                0x0000e49e       0x30 ./drivers/fsl_clock.o
 .text.ClkXTALConfig
                0x0000e4ce       0x56 ./drivers/fsl_clock.o
 .text.CLOCK_EnableClock
                0x0000e524       0x54 ./drivers/fsl_clock.o
                0x0000e524                CLOCK_EnableClock
 .text.CLOCK_AttachClk
                0x0000e578       0x78 ./drivers/fsl_clock.o
                0x0000e578                CLOCK_AttachClk
 .text.CLOCK_SetClkDiv
                0x0000e5f0      0x118 ./drivers/fsl_clock.o
                0x0000e5f0                CLOCK_SetClkDiv
 .text.CLOCK_GetRco32MFreq
                0x0000e708       0x2c ./drivers/fsl_clock.o
 .text.CLOCK_GetXinFreq
                0x0000e734       0x38 ./drivers/fsl_clock.o
 .text.CLOCK_Get32KFreq
                0x0000e76c       0x26 ./drivers/fsl_clock.o
 .text.CLOCK_GetCoreSysClkFreq
                0x0000e792       0x52 ./drivers/fsl_clock.o
 .text.CLOCK_GetAhbClkFreq
                0x0000e7e4       0x20 ./drivers/fsl_clock.o
 .text.CLOCK_GetApbClkFreq
                0x0000e804       0x1e ./drivers/fsl_clock.o
 .text.CLOCK_GetWdtFreq
                0x0000e822       0x24 ./drivers/fsl_clock.o
 *fill*         0x0000e846        0x2 
 .text.CLOCK_GetFreq
                0x0000e848       0x7c ./drivers/fsl_clock.o
                0x0000e848                CLOCK_GetFreq
 .text.DisableGlobalIRQ
                0x0000e8c4       0x20 ./drivers/fsl_common.o
 .text.EnableGlobalIRQ
                0x0000e8e4       0x1e ./drivers/fsl_common.o
 *fill*         0x0000e902        0x2 
 .text.InstallIRQHandler
                0x0000e904       0x88 ./drivers/fsl_common.o
                0x0000e904                InstallIRQHandler
 .text.CTIMER_GetStatusFlags
                0x0000e98c       0x18 ./drivers/fsl_ctimer.o
 .text.CTIMER_ClearStatusFlags
                0x0000e9a4       0x1c ./drivers/fsl_ctimer.o
 .text.CTIMER_GenericIRQHandler
                0x0000e9c0       0xb4 ./drivers/fsl_ctimer.o
                0x0000e9c0                CTIMER_GenericIRQHandler
 .text.CTIMER0_DriverIRQHandler
                0x0000ea74        0xe ./drivers/fsl_ctimer.o
                0x0000ea74                CTIMER0_DriverIRQHandler
 .text.CTIMER1_DriverIRQHandler
                0x0000ea82        0xe ./drivers/fsl_ctimer.o
                0x0000ea82                CTIMER1_DriverIRQHandler
 .text.CTIMER2_DriverIRQHandler
                0x0000ea90        0xe ./drivers/fsl_ctimer.o
                0x0000ea90                CTIMER2_DriverIRQHandler
 .text.CTIMER3_DriverIRQHandler
                0x0000ea9e        0xe ./drivers/fsl_ctimer.o
                0x0000ea9e                CTIMER3_DriverIRQHandler
 .text.FLASH_GetBusyStatusFlags
                0x0000eaac       0x18 ./drivers/fsl_flash.o
 .text.FLASH_Init
                0x0000eac4       0x84 ./drivers/fsl_flash.o
                0x0000eac4                FLASH_Init
 .text.FLASH_GetDefaultConfig
                0x0000eb48       0x64 ./drivers/fsl_flash.o
                0x0000eb48                FLASH_GetDefaultConfig
 .text.FLEXCOMM_PeripheralIsPresent
                0x0000ebac       0x6a ./drivers/fsl_flexcomm.o
 *fill*         0x0000ec16        0x2 
 .text.FLEXCOMM_GetInstance
                0x0000ec18       0x44 ./drivers/fsl_flexcomm.o
                0x0000ec18                FLEXCOMM_GetInstance
 .text.FLEXCOMM_SetPeriph
                0x0000ec5c       0x74 ./drivers/fsl_flexcomm.o
                0x0000ec5c                FLEXCOMM_SetPeriph
 .text.FLEXCOMM_Init
                0x0000ecd0       0x48 ./drivers/fsl_flexcomm.o
                0x0000ecd0                FLEXCOMM_Init
 .text.FLEXCOMM0_DriverIRQHandler
                0x0000ed18       0x38 ./drivers/fsl_flexcomm.o
                0x0000ed18                FLEXCOMM0_DriverIRQHandler
 .text.FLEXCOMM1_DriverIRQHandler
                0x0000ed50       0x38 ./drivers/fsl_flexcomm.o
                0x0000ed50                FLEXCOMM1_DriverIRQHandler
 .text.FLEXCOMM2_DriverIRQHandler
                0x0000ed88       0x38 ./drivers/fsl_flexcomm.o
                0x0000ed88                FLEXCOMM2_DriverIRQHandler
 .text.FLEXCOMM3_DriverIRQHandler
                0x0000edc0       0x38 ./drivers/fsl_flexcomm.o
                0x0000edc0                FLEXCOMM3_DriverIRQHandler
 .text.GPIO_WritePinOutput
                0x0000edf8       0x48 ./drivers/fsl_gpio.o
 .text.GPIO_PinInit
                0x0000ee40       0x40 ./drivers/fsl_gpio.o
                0x0000ee40                GPIO_PinInit
 .text.PINT_PinInterruptClrStatus
                0x0000ee80       0x22 ./drivers/fsl_pint.o
 *fill*         0x0000eea2        0x2 
 .text.PINT_PatternMatchResetDetectLogic
                0x0000eea4       0x38 ./drivers/fsl_pint.o
                0x0000eea4                PINT_PatternMatchResetDetectLogic
 .text.PIN_INT0_DriverIRQHandler
                0x0000eedc       0x38 ./drivers/fsl_pint.o
                0x0000eedc                PIN_INT0_DriverIRQHandler
 .text.PIN_INT1_DriverIRQHandler
                0x0000ef14       0x38 ./drivers/fsl_pint.o
                0x0000ef14                PIN_INT1_DriverIRQHandler
 .text.PIN_INT2_DriverIRQHandler
                0x0000ef4c       0x38 ./drivers/fsl_pint.o
                0x0000ef4c                PIN_INT2_DriverIRQHandler
 .text.PIN_INT3_DriverIRQHandler
                0x0000ef84       0x38 ./drivers/fsl_pint.o
                0x0000ef84                PIN_INT3_DriverIRQHandler
 .text.DisableGlobalIRQ
                0x0000efbc       0x20 ./drivers/fsl_power.o
 .text.EnableGlobalIRQ
                0x0000efdc       0x1e ./drivers/fsl_power.o
 .text.POWER_WritePmuCtrl1
                0x0000effa       0x3e ./drivers/fsl_power.o
                0x0000effa                POWER_WritePmuCtrl1
 .text.POWER_EnablePD
                0x0000f038       0x68 ./drivers/fsl_power.o
                0x0000f038                POWER_EnablePD
 .text.POWER_DisablePD
                0x0000f0a0       0x6c ./drivers/fsl_power.o
                0x0000f0a0                POWER_DisablePD
 .text.POWER_EnableDCDC
                0x0000f10c       0x38 ./drivers/fsl_power.o
                0x0000f10c                POWER_EnableDCDC
 .text.POWER_EnableADC
                0x0000f144       0x7e ./drivers/fsl_power.o
                0x0000f144                POWER_EnableADC
 *fill*         0x0000f1c2        0x2 
 .text.RF_ConfigRxMode
                0x0000f1c4       0x6c ./drivers/fsl_rf.o
                0x0000f1c4                RF_ConfigRxMode
 .text.RNG_GetStatusFlags
                0x0000f230       0x18 ./drivers/fsl_rng.o
 .text.RNG_Start
                0x0000f248       0x20 ./drivers/fsl_rng.o
 .text.RNG_GetRandomNumber
                0x0000f268       0x18 ./drivers/fsl_rng.o
 .text.ADC_Enable
                0x0000f280       0x4a ./drivers/fsl_rng.o
 *fill*         0x0000f2ca        0x2 
 .text.RNG_Drv_Init
                0x0000f2cc       0x6c ./drivers/fsl_rng.o
                0x0000f2cc                RNG_Drv_Init
 .text.RNG_GetRandomData
                0x0000f338       0x6c ./drivers/fsl_rng.o
                0x0000f338                RNG_GetRandomData
 .text.RTC_Calibration
                0x0000f3a4       0x5e ./drivers/fsl_rtc.o
                0x0000f3a4                RTC_Calibration
 .text.RTC_SetFreeRunningInterruptThreshold
                0x0000f402       0x2a ./drivers/fsl_rtc.o
                0x0000f402                RTC_SetFreeRunningInterruptThreshold
 .text.RTC_FreeRunningEnable
                0x0000f42c       0x52 ./drivers/fsl_rtc.o
                0x0000f42c                RTC_FreeRunningEnable
 .text.RTC_EnableInterrupts
                0x0000f47e       0x6e ./drivers/fsl_rtc.o
                0x0000f47e                RTC_EnableInterrupts
 .text.RTC_ClearStatusFlags
                0x0000f4ec       0x2a ./drivers/fsl_rtc.o
                0x0000f4ec                RTC_ClearStatusFlags
 *fill*         0x0000f516        0x2 
 .text.USART_Init
                0x0000f518      0x14c ./drivers/fsl_usart.o
                0x0000f518                USART_Init
 .text.USART_GetDefaultConfig
                0x0000f664       0x58 ./drivers/fsl_usart.o
                0x0000f664                USART_GetDefaultConfig
 .text.USART_SetBaudRate
                0x0000f6bc       0xe4 ./drivers/fsl_usart.o
                0x0000f6bc                USART_SetBaudRate
 .text.SYSCON_SetLoadCap
                0x0000f7a0       0x64 ./board/board.o
 .text.BOARD_GetMCUUid
                0x0000f804      0x104 ./board/board.o
                0x0000f804                BOARD_GetMCUUid
 .text.BOARD_GetUsartClock
                0x0000f908       0x18 ./board/board.o
                0x0000f908                BOARD_GetUsartClock
 .text.GPIOA_IRQHandler
                0x0000f920        0xc ./board/board.o
                0x0000f920                GPIOA_IRQHandler
 .text.RTC_FR_IRQHandler
                0x0000f92c        0xc ./board/board.o
                0x0000f92c                RTC_FR_IRQHandler
 .text.NVDS_SetLoadCaps
                0x0000f938       0x66 ./board/board.o
                0x0000f938                NVDS_SetLoadCaps
 *fill*         0x0000f99e        0x2 
 .text.hardware_init
                0x0000f9a0       0x78 ./board/board.o
                0x0000f9a0                hardware_init
 .text.BOARD_BootClockHSRUN
                0x0000fa18       0x78 ./board/clock_config.o
                0x0000fa18                BOARD_BootClockHSRUN
 .text.IOCON_PinMuxSet
                0x0000fa90      0x228 ./board/pin_mux.o
 .text.BOARD_InitPins
                0x0000fcb8       0x26 ./board/pin_mux.o
                0x0000fcb8                BOARD_InitPins
 .text.BOARD_InitLEDs
                0x0000fcde       0x44 ./board/pin_mux.o
                0x0000fcde                BOARD_InitLEDs
 *fill*         0x0000fd22        0x2 
 .text.Ble_CheckMemoryStorage
                0x0000fd24       0x3c ./bluetooth/host/config/ble_globals.o
                0x0000fd24                Ble_CheckMemoryStorage
 .text.NXP_InitBleCfg
                0x0000fd60       0x98 ./bluetooth/controller/interface/controller_config.o
                0x0000fd60                NXP_InitBleCfg
 .text.SystemInit
                0x0000fdf8      0x13c ./CMSIS/system_QN908XC.o
                0x0000fdf8                SystemInit
 .text.SystemCoreClockUpdate
                0x0000ff34       0x94 ./CMSIS/system_QN908XC.o
                0x0000ff34                SystemCoreClockUpdate